Picked up JAVA_TOOL_OPTIONS:  -Djavax.net.ssl.trustStore=/etc/ssl/certs/java/cacerts -Dhttps.proxyHost=proxy -Dhttps.proxyPort=8080 -Dhttp.proxyHost=proxy -Dhttp.proxyPort=8080 -Dhttp.nonProxyHosts=localhost|127.* -XX:ActiveProcessorCount=2
To honour the JVM settings for this build a single-use Daemon process will be forked. For more on this, please refer to https://docs.gradle.org/8.9/userguide/gradle_daemon.html#sec:disabling_the_daemon in the Gradle documentation.
Daemon will be stopped at the end of the build 
> Task :app:checkKotlinGradlePluginConfigurationErrors SKIPPED
> Task :app:preBuild UP-TO-DATE
> Task :app:preDebugBuild UP-TO-DATE
> Task :app:generateDebugBuildConfig UP-TO-DATE
> Task :orez-native:preBuild UP-TO-DATE
> Task :orez-native:preDebugBuild UP-TO-DATE
> Task :orez-native:writeDebugAarMetadata UP-TO-DATE
> Task :whisper-native:preBuild UP-TO-DATE
> Task :whisper-native:preDebugBuild UP-TO-DATE
> Task :whisper-native:writeDebugAarMetadata UP-TO-DATE
> Task :app:checkDebugAarMetadata UP-TO-DATE
> Task :app:generateDebugResValues UP-TO-DATE
> Task :orez-native:generateDebugResValues UP-TO-DATE
> Task :orez-native:generateDebugResources UP-TO-DATE
> Task :orez-native:packageDebugResources UP-TO-DATE
> Task :whisper-native:generateDebugResValues UP-TO-DATE
> Task :whisper-native:generateDebugResources UP-TO-DATE
> Task :whisper-native:packageDebugResources UP-TO-DATE
> Task :app:mapDebugSourceSetPaths UP-TO-DATE
> Task :app:generateDebugResources UP-TO-DATE
> Task :app:mergeDebugResources UP-TO-DATE
> Task :app:packageDebugResources UP-TO-DATE
> Task :app:parseDebugLocalResources UP-TO-DATE
> Task :app:createDebugCompatibleScreenManifests UP-TO-DATE
> Task :app:extractDeepLinksDebug UP-TO-DATE
> Task :orez-native:extractDeepLinksDebug UP-TO-DATE
> Task :orez-native:processDebugManifest UP-TO-DATE
> Task :whisper-native:extractDeepLinksDebug UP-TO-DATE
> Task :whisper-native:processDebugManifest UP-TO-DATE
> Task :app:processDebugMainManifest UP-TO-DATE
> Task :app:processDebugManifest UP-TO-DATE
> Task :app:processDebugManifestForPackage UP-TO-DATE
> Task :orez-native:compileDebugLibraryResources UP-TO-DATE
> Task :orez-native:parseDebugLocalResources UP-TO-DATE
> Task :orez-native:generateDebugRFile UP-TO-DATE
> Task :whisper-native:compileDebugLibraryResources UP-TO-DATE
> Task :whisper-native:parseDebugLocalResources UP-TO-DATE
> Task :whisper-native:generateDebugRFile UP-TO-DATE
> Task :app:processDebugResources UP-TO-DATE
> Task :orez-native:checkKotlinGradlePluginConfigurationErrors SKIPPED
> Task :orez-native:compileDebugKotlin UP-TO-DATE
> Task :orez-native:javaPreCompileDebug UP-TO-DATE
> Task :orez-native:compileDebugJavaWithJavac NO-SOURCE
> Task :orez-native:bundleLibCompileToJarDebug UP-TO-DATE
> Task :whisper-native:checkKotlinGradlePluginConfigurationErrors SKIPPED
> Task :whisper-native:compileDebugKotlin UP-TO-DATE
> Task :whisper-native:javaPreCompileDebug UP-TO-DATE
> Task :whisper-native:compileDebugJavaWithJavac NO-SOURCE
> Task :whisper-native:bundleLibCompileToJarDebug UP-TO-DATE
> Task :app:kspDebugKotlin UP-TO-DATE
> Task :app:compileDebugKotlin UP-TO-DATE
> Task :app:javaPreCompileDebug UP-TO-DATE
> Task :app:compileDebugJavaWithJavac UP-TO-DATE
> Task :app:bundleDebugClassesToRuntimeJar UP-TO-DATE
> Task :app:bundleDebugClassesToCompileJar UP-TO-DATE
> Task :app:kspDebugUnitTestKotlin UP-TO-DATE
> Task :app:compileDebugUnitTestKotlin UP-TO-DATE
> Task :app:preDebugUnitTestBuild UP-TO-DATE
> Task :app:javaPreCompileDebugUnitTest UP-TO-DATE
> Task :app:compileDebugUnitTestJavaWithJavac NO-SOURCE
> Task :app:processDebugJavaRes UP-TO-DATE
> Task :app:processDebugUnitTestJavaRes UP-TO-DATE
> Task :orez-native:bundleLibRuntimeToJarDebug UP-TO-DATE
> Task :orez-native:processDebugJavaRes UP-TO-DATE
> Task :whisper-native:bundleLibRuntimeToJarDebug UP-TO-DATE
> Task :whisper-native:processDebugJavaRes UP-TO-DATE
> Task :app:testDebugUnitTest UP-TO-DATE
> Task :orez-native:preDebugUnitTestBuild UP-TO-DATE
> Task :orez-native:generateDebugUnitTestStubRFile UP-TO-DATE
> Task :orez-native:compileDebugUnitTestKotlin UP-TO-DATE
> Task :orez-native:javaPreCompileDebugUnitTest UP-TO-DATE
> Task :orez-native:compileDebugUnitTestJavaWithJavac NO-SOURCE
> Task :orez-native:processDebugUnitTestJavaRes UP-TO-DATE
> Task :orez-native:testDebugUnitTest UP-TO-DATE
> Task :whisper-native:preDebugUnitTestBuild UP-TO-DATE
> Task :whisper-native:generateDebugUnitTestStubRFile UP-TO-DATE
> Task :whisper-native:compileDebugUnitTestKotlin NO-SOURCE
> Task :whisper-native:javaPreCompileDebugUnitTest UP-TO-DATE
> Task :whisper-native:compileDebugUnitTestJavaWithJavac NO-SOURCE
> Task :whisper-native:processDebugUnitTestJavaRes NO-SOURCE
> Task :whisper-native:testDebugUnitTest NO-SOURCE
> Task :orez-native:configureCMakeDebug[arm64-v8a]
> Task :orez-native:buildCMakeDebug[arm64-v8a]
> Task :orez-native:configureCMakeDebug[x86_64]
> Task :orez-native:buildCMakeDebug[x86_64]
> Task :orez-native:mergeDebugJniLibFolders UP-TO-DATE
> Task :orez-native:mergeDebugNativeLibs UP-TO-DATE
> Task :orez-native:stripDebugDebugSymbols UP-TO-DATE
> Task :orez-native:copyDebugJniLibsProjectAndLocalJars UP-TO-DATE
> Task :orez-native:extractDebugAnnotations UP-TO-DATE
> Task :orez-native:extractDeepLinksForAarDebug UP-TO-DATE
> Task :orez-native:mergeDebugGeneratedProguardFiles UP-TO-DATE
> Task :orez-native:mergeDebugConsumerProguardFiles UP-TO-DATE
> Task :orez-native:mergeDebugShaders UP-TO-DATE
> Task :orez-native:compileDebugShaders NO-SOURCE
> Task :orez-native:generateDebugAssets UP-TO-DATE
> Task :orez-native:packageDebugAssets UP-TO-DATE
> Task :orez-native:prepareDebugArtProfile UP-TO-DATE
> Task :orez-native:prepareLintJarForPublish UP-TO-DATE
> Task :orez-native:mergeDebugJavaResource UP-TO-DATE
> Task :orez-native:syncDebugLibJars UP-TO-DATE
> Task :orez-native:bundleDebugLocalLintAar UP-TO-DATE
> Task :whisper-native:configureCMakeDebug[arm64-v8a]
> Task :whisper-native:buildCMakeDebug[arm64-v8a]
> Task :whisper-native:configureCMakeDebug[x86_64]
> Task :whisper-native:buildCMakeDebug[x86_64]
> Task :whisper-native:mergeDebugJniLibFolders UP-TO-DATE
> Task :whisper-native:mergeDebugNativeLibs UP-TO-DATE
> Task :whisper-native:stripDebugDebugSymbols UP-TO-DATE
> Task :whisper-native:copyDebugJniLibsProjectAndLocalJars UP-TO-DATE
> Task :whisper-native:extractDebugAnnotations UP-TO-DATE
> Task :whisper-native:extractDeepLinksForAarDebug UP-TO-DATE
> Task :whisper-native:mergeDebugGeneratedProguardFiles UP-TO-DATE
> Task :whisper-native:mergeDebugConsumerProguardFiles UP-TO-DATE
> Task :whisper-native:mergeDebugShaders UP-TO-DATE
> Task :whisper-native:compileDebugShaders NO-SOURCE
> Task :whisper-native:generateDebugAssets UP-TO-DATE
> Task :whisper-native:packageDebugAssets UP-TO-DATE
> Task :whisper-native:prepareDebugArtProfile UP-TO-DATE
> Task :whisper-native:prepareLintJarForPublish UP-TO-DATE
> Task :whisper-native:mergeDebugJavaResource UP-TO-DATE
> Task :whisper-native:syncDebugLibJars UP-TO-DATE
> Task :whisper-native:bundleDebugLocalLintAar UP-TO-DATE
> Task :app:preDebugAndroidTestBuild SKIPPED
> Task :app:generateDebugAndroidTestResValues UP-TO-DATE
> Task :orez-native:createFullJarDebug UP-TO-DATE
> Task :orez-native:writeDebugLintModelMetadata UP-TO-DATE
> Task :whisper-native:createFullJarDebug UP-TO-DATE
> Task :whisper-native:writeDebugLintModelMetadata UP-TO-DATE
> Task :app:generateDebugAndroidTestLintModel
> Task :app:extractProguardFiles UP-TO-DATE
> Task :orez-native:extractProguardFiles UP-TO-DATE
> Task :orez-native:generateDebugLintModel UP-TO-DATE
> Task :whisper-native:extractProguardFiles UP-TO-DATE
> Task :whisper-native:generateDebugLintModel UP-TO-DATE
> Task :app:generateDebugLintReportModel
> Task :app:generateDebugUnitTestLintModel UP-TO-DATE
> Task :orez-native:lintAnalyzeDebug UP-TO-DATE
> Task :whisper-native:lintAnalyzeDebug UP-TO-DATE
> Task :app:lintAnalyzeDebug
> Task :app:lintAnalyzeDebugAndroidTest
> Task :app:lintAnalyzeDebugUnitTest UP-TO-DATE
> Task :orez-native:preDebugAndroidTestBuild UP-TO-DATE
> Task :orez-native:generateDebugAndroidTestResValues UP-TO-DATE
> Task :orez-native:generateDebugAndroidTestLintModel UP-TO-DATE
> Task :orez-native:generateDebugUnitTestLintModel UP-TO-DATE
> Task :orez-native:lintAnalyzeDebugAndroidTest UP-TO-DATE
> Task :orez-native:lintAnalyzeDebugUnitTest UP-TO-DATE
> Task :whisper-native:preDebugAndroidTestBuild UP-TO-DATE
> Task :whisper-native:generateDebugAndroidTestResValues UP-TO-DATE
> Task :whisper-native:generateDebugAndroidTestLintModel UP-TO-DATE
> Task :whisper-native:generateDebugUnitTestLintModel UP-TO-DATE
> Task :whisper-native:lintAnalyzeDebugAndroidTest UP-TO-DATE
> Task :whisper-native:lintAnalyzeDebugUnitTest UP-TO-DATE
> Task :orez-native:generateDebugLintReportModel UP-TO-DATE
> Task :orez-native:lintReportDebug UP-TO-DATE
> Task :orez-native:lintDebug
> Task :whisper-native:generateDebugLintReportModel UP-TO-DATE
> Task :whisper-native:lintReportDebug UP-TO-DATE
> Task :whisper-native:lintDebug
> Task :app:mergeDebugNativeDebugMetadata NO-SOURCE
> Task :app:mergeDebugShaders UP-TO-DATE
> Task :app:compileDebugShaders NO-SOURCE
> Task :app:generateDebugAssets UP-TO-DATE
> Task :app:mergeDebugAssets
> Task :app:compressDebugAssets
> Task :app:desugarDebugFileDependencies UP-TO-DATE
> Task :app:dexBuilderDebug UP-TO-DATE
> Task :app:mergeDebugGlobalSynthetics UP-TO-DATE
> Task :app:mergeDebugJavaResource UP-TO-DATE
> Task :app:checkDebugDuplicateClasses UP-TO-DATE
> Task :app:mergeExtDexDebug UP-TO-DATE
> Task :orez-native:bundleLibRuntimeToDirDebug UP-TO-DATE
> Task :whisper-native:bundleLibRuntimeToDirDebug UP-TO-DATE
> Task :app:mergeLibDexDebug UP-TO-DATE
> Task :app:mergeProjectDexDebug UP-TO-DATE
> Task :app:mergeDebugJniLibFolders UP-TO-DATE
> Task :orez-native:copyDebugJniLibsProjectOnly UP-TO-DATE
> Task :whisper-native:copyDebugJniLibsProjectOnly UP-TO-DATE
> Task :app:mergeDebugNativeLibs UP-TO-DATE
> Task :app:stripDebugDebugSymbols UP-TO-DATE
> Task :app:validateSigningDebug UP-TO-DATE
> Task :app:writeDebugAppMetadata UP-TO-DATE
> Task :app:writeDebugSigningConfigVersions UP-TO-DATE
> Task :app:packageDebug
> Task :app:createDebugApkListingFileRedirect UP-TO-DATE
> Task :app:assembleDebug
> Task :orez-native:bundleDebugAar UP-TO-DATE
> Task :orez-native:assembleDebug UP-TO-DATE
> Task :whisper-native:bundleDebugAar UP-TO-DATE
> Task :whisper-native:assembleDebug UP-TO-DATE
> Task :app:preSelfTestBuild UP-TO-DATE
> Task :app:mergeSelfTestNativeDebugMetadata NO-SOURCE
> Task :app:generateSelfTestBuildConfig UP-TO-DATE
> Task :app:checkSelfTestAarMetadata UP-TO-DATE
> Task :app:generateSelfTestResValues UP-TO-DATE
> Task :app:mapSelfTestSourceSetPaths UP-TO-DATE
> Task :app:generateSelfTestResources UP-TO-DATE
> Task :app:mergeSelfTestResources UP-TO-DATE
> Task :app:packageSelfTestResources UP-TO-DATE
> Task :app:parseSelfTestLocalResources UP-TO-DATE
> Task :app:createSelfTestCompatibleScreenManifests UP-TO-DATE
> Task :app:extractDeepLinksSelfTest UP-TO-DATE
> Task :app:processSelfTestMainManifest UP-TO-DATE
> Task :app:processSelfTestManifest UP-TO-DATE
> Task :app:processSelfTestManifestForPackage UP-TO-DATE
> Task :app:processSelfTestResources UP-TO-DATE
> Task :app:kspSelfTestKotlin UP-TO-DATE
> Task :app:compileSelfTestKotlin UP-TO-DATE
> Task :app:javaPreCompileSelfTest UP-TO-DATE
> Task :app:compileSelfTestJavaWithJavac UP-TO-DATE
> Task :app:mergeSelfTestShaders UP-TO-DATE
> Task :app:compileSelfTestShaders NO-SOURCE
> Task :app:generateSelfTestAssets UP-TO-DATE
> Task :app:mergeSelfTestAssets
> Task :app:compressSelfTestAssets
> Task :app:checkSelfTestDuplicateClasses UP-TO-DATE
> Task :app:desugarSelfTestFileDependencies UP-TO-DATE
> Task :app:mergeExtDexSelfTest UP-TO-DATE
> Task :app:mergeLibDexSelfTest UP-TO-DATE
> Task :app:dexBuilderSelfTest UP-TO-DATE
> Task :app:mergeProjectDexSelfTest UP-TO-DATE
> Task :app:mergeSelfTestGlobalSynthetics UP-TO-DATE
> Task :app:processSelfTestJavaRes UP-TO-DATE
> Task :app:mergeSelfTestJavaResource UP-TO-DATE
> Task :app:mergeSelfTestJniLibFolders UP-TO-DATE
> Task :app:mergeSelfTestNativeLibs UP-TO-DATE
> Task :app:stripSelfTestDebugSymbols UP-TO-DATE
> Task :app:validateSigningSelfTest UP-TO-DATE
> Task :app:writeSelfTestAppMetadata UP-TO-DATE
> Task :app:writeSelfTestSigningConfigVersions UP-TO-DATE
> Task :app:packageSelfTest
> Task :app:createSelfTestApkListingFileRedirect UP-TO-DATE
> Task :app:assembleSelfTest
> Task :app:processDebugAndroidTestManifest UP-TO-DATE
> Task :app:generateDebugAndroidTestBuildConfig UP-TO-DATE
> Task :app:checkDebugAndroidTestAarMetadata UP-TO-DATE
> Task :app:mapDebugAndroidTestSourceSetPaths UP-TO-DATE
> Task :app:generateDebugAndroidTestResources UP-TO-DATE
> Task :app:mergeDebugAndroidTestResources UP-TO-DATE
> Task :app:processDebugAndroidTestResources UP-TO-DATE
> Task :app:kspDebugAndroidTestKotlin
> Task :app:compileDebugAndroidTestKotlin
> Task :app:javaPreCompileDebugAndroidTest UP-TO-DATE
> Task :app:compileDebugAndroidTestJavaWithJavac UP-TO-DATE
> Task :app:mergeDebugAndroidTestShaders UP-TO-DATE
> Task :app:compileDebugAndroidTestShaders NO-SOURCE
> Task :app:generateDebugAndroidTestAssets UP-TO-DATE
> Task :app:mergeDebugAndroidTestAssets UP-TO-DATE
> Task :app:compressDebugAndroidTestAssets UP-TO-DATE
> Task :app:desugarDebugAndroidTestFileDependencies UP-TO-DATE
> Task :app:dexBuilderDebugAndroidTest
> Task :app:mergeDebugAndroidTestGlobalSynthetics UP-TO-DATE
> Task :app:processDebugAndroidTestJavaRes UP-TO-DATE
> Task :app:mergeDebugAndroidTestJavaResource UP-TO-DATE
> Task :app:checkDebugAndroidTestDuplicateClasses UP-TO-DATE
> Task :app:mergeExtDexDebugAndroidTest UP-TO-DATE
> Task :app:mergeLibDexDebugAndroidTest UP-TO-DATE
> Task :app:mergeProjectDexDebugAndroidTest
> Task :app:mergeDebugAndroidTestJniLibFolders UP-TO-DATE
> Task :app:mergeDebugAndroidTestNativeLibs NO-SOURCE
> Task :app:stripDebugAndroidTestDebugSymbols NO-SOURCE
> Task :app:validateSigningDebugAndroidTest UP-TO-DATE
> Task :app:writeDebugAndroidTestSigningConfigVersions UP-TO-DATE
> Task :app:packageDebugAndroidTest
> Task :app:createDebugAndroidTestApkListingFileRedirect UP-TO-DATE
> Task :app:assembleDebugAndroidTest
> Task :orez-native:checkDebugAndroidTestAarMetadata UP-TO-DATE
> Task :orez-native:mapDebugAndroidTestSourceSetPaths UP-TO-DATE
> Task :orez-native:generateDebugAndroidTestResources UP-TO-DATE
> Task :orez-native:mergeDebugAndroidTestResources UP-TO-DATE
> Task :orez-native:processDebugAndroidTestManifest UP-TO-DATE
> Task :orez-native:processDebugAndroidTestResources UP-TO-DATE
> Task :orez-native:compileDebugAndroidTestKotlin NO-SOURCE
> Task :orez-native:javaPreCompileDebugAndroidTest UP-TO-DATE
> Task :orez-native:compileDebugAndroidTestJavaWithJavac NO-SOURCE
> Task :orez-native:mergeDebugAndroidTestShaders UP-TO-DATE
> Task :orez-native:compileDebugAndroidTestShaders NO-SOURCE
> Task :orez-native:generateDebugAndroidTestAssets UP-TO-DATE
> Task :orez-native:mergeDebugAndroidTestAssets UP-TO-DATE
> Task :orez-native:compressDebugAndroidTestAssets UP-TO-DATE
> Task :orez-native:desugarDebugAndroidTestFileDependencies UP-TO-DATE
> Task :orez-native:dexBuilderDebugAndroidTest UP-TO-DATE
> Task :orez-native:mergeDebugAndroidTestGlobalSynthetics UP-TO-DATE
> Task :orez-native:processDebugAndroidTestJavaRes NO-SOURCE
> Task :orez-native:mergeDebugAndroidTestJavaResource UP-TO-DATE
> Task :orez-native:checkDebugAndroidTestDuplicateClasses UP-TO-DATE
> Task :orez-native:mergeExtDexDebugAndroidTest UP-TO-DATE
> Task :orez-native:mergeLibDexDebugAndroidTest UP-TO-DATE
> Task :orez-native:mergeProjectDexDebugAndroidTest UP-TO-DATE
> Task :orez-native:mergeDebugAndroidTestJniLibFolders UP-TO-DATE
> Task :orez-native:mergeDebugAndroidTestNativeLibs UP-TO-DATE
> Task :orez-native:stripDebugAndroidTestDebugSymbols UP-TO-DATE
> Task :orez-native:validateSigningDebugAndroidTest UP-TO-DATE
> Task :orez-native:writeDebugAndroidTestSigningConfigVersions UP-TO-DATE
> Task :orez-native:packageDebugAndroidTest UP-TO-DATE
> Task :orez-native:createDebugAndroidTestApkListingFileRedirect UP-TO-DATE
> Task :orez-native:assembleDebugAndroidTest UP-TO-DATE
> Task :whisper-native:checkDebugAndroidTestAarMetadata UP-TO-DATE
> Task :whisper-native:mapDebugAndroidTestSourceSetPaths UP-TO-DATE
> Task :whisper-native:generateDebugAndroidTestResources UP-TO-DATE
> Task :whisper-native:mergeDebugAndroidTestResources UP-TO-DATE
> Task :whisper-native:processDebugAndroidTestManifest UP-TO-DATE
> Task :whisper-native:processDebugAndroidTestResources UP-TO-DATE
> Task :whisper-native:compileDebugAndroidTestKotlin NO-SOURCE
> Task :whisper-native:javaPreCompileDebugAndroidTest UP-TO-DATE
> Task :whisper-native:compileDebugAndroidTestJavaWithJavac NO-SOURCE
> Task :whisper-native:mergeDebugAndroidTestShaders UP-TO-DATE
> Task :whisper-native:compileDebugAndroidTestShaders NO-SOURCE
> Task :whisper-native:generateDebugAndroidTestAssets UP-TO-DATE
> Task :whisper-native:mergeDebugAndroidTestAssets UP-TO-DATE
> Task :whisper-native:compressDebugAndroidTestAssets UP-TO-DATE
> Task :whisper-native:desugarDebugAndroidTestFileDependencies UP-TO-DATE
> Task :whisper-native:dexBuilderDebugAndroidTest UP-TO-DATE
> Task :whisper-native:mergeDebugAndroidTestGlobalSynthetics UP-TO-DATE
> Task :whisper-native:processDebugAndroidTestJavaRes NO-SOURCE
> Task :whisper-native:mergeDebugAndroidTestJavaResource UP-TO-DATE
> Task :whisper-native:checkDebugAndroidTestDuplicateClasses UP-TO-DATE
> Task :whisper-native:mergeExtDexDebugAndroidTest UP-TO-DATE
> Task :whisper-native:mergeLibDexDebugAndroidTest UP-TO-DATE
> Task :whisper-native:mergeProjectDexDebugAndroidTest UP-TO-DATE
> Task :whisper-native:mergeDebugAndroidTestJniLibFolders UP-TO-DATE
> Task :whisper-native:mergeDebugAndroidTestNativeLibs UP-TO-DATE
> Task :whisper-native:stripDebugAndroidTestDebugSymbols UP-TO-DATE
> Task :whisper-native:validateSigningDebugAndroidTest UP-TO-DATE
> Task :whisper-native:writeDebugAndroidTestSigningConfigVersions UP-TO-DATE
> Task :whisper-native:packageDebugAndroidTest UP-TO-DATE
> Task :whisper-native:createDebugAndroidTestApkListingFileRedirect UP-TO-DATE
> Task :whisper-native:assembleDebugAndroidTest UP-TO-DATE
> Task :app:lintReportDebug UP-TO-DATE
> Task :app:lintDebug

BUILD SUCCESSFUL in 5m 25s
276 actionable tasks: 26 executed, 250 up-to-date
