JUnit version 4.13.2
...............E.....
Time: 1.197
There was 1 failure:
1) confirmedCriticalPressureDuringFeatureProofCannotEnterNativeInference(com.mangalens.ui.video.NativeLiveSpeechBudgetTest)
java.lang.AssertionError: Escalated pressure after proof entered native inference
	at org.junit.Assert.fail(Assert.java:89)
	at org.junit.Assert.assertTrue(Assert.java:42)
	at com.mangalens.ui.video.NativeLiveSpeechBudgetTest$confirmedCriticalPressureDuringFeatureProofCannotEnterNativeInference$1.invokeSuspend(NativeLiveSpeechBudgetTest.kt:49)
	at kotlin.coroutines.jvm.internal.BaseContinuationImpl.resumeWith(ContinuationImpl.kt:33)
	at kotlinx.coroutines.DispatchedTask.run(DispatchedTask.kt:101)
	at kotlinx.coroutines.EventLoopImplBase.processNextEvent(EventLoop.common.kt:263)
	at kotlinx.coroutines.BlockingCoroutine.joinBlocking(Builders.kt:95)
	at kotlinx.coroutines.BuildersKt__BuildersKt.runBlocking(Builders.kt:69)
	at kotlinx.coroutines.BuildersKt.runBlocking(Unknown Source)
	at kotlinx.coroutines.BuildersKt__BuildersKt.runBlocking$default(Builders.kt:47)
	at kotlinx.coroutines.BuildersKt.runBlocking$default(Unknown Source)
	at com.mangalens.ui.video.NativeLiveSpeechBudgetTest.confirmedCriticalPressureDuringFeatureProofCannotEnterNativeInference(NativeLiveSpeechBudgetTest.kt:30)

FAILURES!!!
Tests run: 20,  Failures: 1

