JUnit version 4.13.2
..E.E.E.E.E
Time: 0.012
There were 5 failures:
1) thermalRecoveryRequiresStableKnownRecoveryAndEscalatesImmediately(com.mangalens.core.compute.ResourceGovernorTest)
java.lang.AssertionError: expected:<CRITICAL> but was:<NORMAL>
	at org.junit.Assert.fail(Assert.java:89)
	at org.junit.Assert.failNotEquals(Assert.java:835)
	at org.junit.Assert.assertEquals(Assert.java:120)
	at org.junit.Assert.assertEquals(Assert.java:146)
	at com.mangalens.core.compute.ResourceGovernorTest.thermalRecoveryRequiresStableKnownRecoveryAndEscalatesImmediately(ResourceGovernorTest.kt:43)
2) unknownThermalCannotClearAnObservedCriticalCondition(com.mangalens.core.compute.ResourceGovernorTest)
java.lang.AssertionError: expected:<CRITICAL> but was:<NORMAL>
	at org.junit.Assert.fail(Assert.java:89)
	at org.junit.Assert.failNotEquals(Assert.java:835)
	at org.junit.Assert.assertEquals(Assert.java:120)
	at org.junit.Assert.assertEquals(Assert.java:146)
	at com.mangalens.core.compute.ResourceGovernorTest.unknownThermalCannotClearAnObservedCriticalCondition(ResourceGovernorTest.kt:34)
3) chargingAndBatteryRecoveryUseHysteresisWithoutBlockingForegroundProgress(com.mangalens.core.compute.ResourceGovernorTest)
java.lang.AssertionError: expected:<ELEVATED> but was:<NORMAL>
	at org.junit.Assert.fail(Assert.java:89)
	at org.junit.Assert.failNotEquals(Assert.java:835)
	at org.junit.Assert.assertEquals(Assert.java:120)
	at org.junit.Assert.assertEquals(Assert.java:146)
	at com.mangalens.core.compute.ResourceGovernorTest.chargingAndBatteryRecoveryUseHysteresisWithoutBlockingForegroundProgress(ResourceGovernorTest.kt:56)
4) criticalMemoryStopsNewComputationButAlwaysAllowsCleanup(com.mangalens.core.compute.ResourceGovernorTest)
java.lang.AssertionError: expected:<CRITICAL> but was:<NORMAL>
	at org.junit.Assert.fail(Assert.java:89)
	at org.junit.Assert.failNotEquals(Assert.java:835)
	at org.junit.Assert.assertEquals(Assert.java:120)
	at org.junit.Assert.assertEquals(Assert.java:146)
	at com.mangalens.core.compute.ResourceGovernorTest.criticalMemoryStopsNewComputationButAlwaysAllowsCleanup(ResourceGovernorTest.kt:13)
5) lowMemoryActuallyDefersBackgroundWithoutDelayingInteractiveOrLive(com.mangalens.core.compute.ResourceGovernorTest)
java.lang.AssertionError: expected:<20> but was:<0>
	at org.junit.Assert.fail(Assert.java:89)
	at org.junit.Assert.failNotEquals(Assert.java:835)
	at org.junit.Assert.assertEquals(Assert.java:647)
	at org.junit.Assert.assertEquals(Assert.java:633)
	at com.mangalens.core.compute.ResourceGovernorTest.lowMemoryActuallyDefersBackgroundWithoutDelayingInteractiveOrLive(ResourceGovernorTest.kt:21)

FAILURES!!!
Tests run: 6,  Failures: 5

