JUnit version 4.13.2
.E.E.E.E.E.E.E.E
Time: 2.513
There were 8 failures:
1) sourceBytesChangedWithSameLengthAndTimestampCannotEnterQueuedNativeWork(com.mangalens.core.translation.ChapterNativeEntryGuardTest)
java.lang.AssertionError: Stale queued work did not reject its captured authority
	at org.junit.Assert.fail(Assert.java:89)
	at org.junit.Assert.assertTrue(Assert.java:42)
	at com.mangalens.core.translation.ChapterNativeEntryGuardTest$heldEntry$1.invokeSuspend(ChapterNativeEntryGuardTest.kt:108)
	at kotlin.coroutines.jvm.internal.BaseContinuationImpl.resumeWith(ContinuationImpl.kt:33)
	at kotlinx.coroutines.DispatchedTask.run(DispatchedTask.kt:101)
	at kotlinx.coroutines.EventLoopImplBase.processNextEvent(EventLoop.common.kt:263)
	at kotlinx.coroutines.BlockingCoroutine.joinBlocking(Builders.kt:95)
	at kotlinx.coroutines.BuildersKt__BuildersKt.runBlocking(Builders.kt:69)
	at kotlinx.coroutines.BuildersKt.runBlocking(Unknown Source)
	at kotlinx.coroutines.BuildersKt__BuildersKt.runBlocking$default(Builders.kt:47)
	at kotlinx.coroutines.BuildersKt.runBlocking$default(Unknown Source)
	at com.mangalens.core.translation.ChapterNativeEntryGuardTest.heldEntry(ChapterNativeEntryGuardTest.kt:92)
	at com.mangalens.core.translation.ChapterNativeEntryGuardTest.sourceBytesChangedWithSameLengthAndTimestampCannotEnterQueuedNativeWork(ChapterNativeEntryGuardTest.kt:28)
2) actualOwnerControlChangeWithoutReplacingTheNativeJournalStillBlocksEntry(com.mangalens.core.translation.ChapterNativeEntryGuardTest)
java.lang.AssertionError: Stale queued work did not reject its captured authority
	at org.junit.Assert.fail(Assert.java:89)
	at org.junit.Assert.assertTrue(Assert.java:42)
	at com.mangalens.core.translation.ChapterNativeEntryGuardTest$heldEntry$1.invokeSuspend(ChapterNativeEntryGuardTest.kt:108)
	at kotlin.coroutines.jvm.internal.BaseContinuationImpl.resumeWith(ContinuationImpl.kt:33)
	at kotlinx.coroutines.internal.ScopeCoroutine.afterResume(Scopes.kt:28)
	at kotlinx.coroutines.AbstractCoroutine.resumeWith(AbstractCoroutine.kt:100)
	at kotlin.coroutines.jvm.internal.BaseContinuationImpl.resumeWith(ContinuationImpl.kt:46)
	at kotlinx.coroutines.DispatchedTask.run(DispatchedTask.kt:101)
	at kotlinx.coroutines.EventLoopImplBase.processNextEvent(EventLoop.common.kt:263)
	at kotlinx.coroutines.BlockingCoroutine.joinBlocking(Builders.kt:95)
	at kotlinx.coroutines.BuildersKt__BuildersKt.runBlocking(Builders.kt:69)
	at kotlinx.coroutines.BuildersKt.runBlocking(Unknown Source)
	at kotlinx.coroutines.BuildersKt__BuildersKt.runBlocking$default(Builders.kt:47)
	at kotlinx.coroutines.BuildersKt.runBlocking$default(Unknown Source)
	at com.mangalens.core.translation.ChapterNativeEntryGuardTest.heldEntry(ChapterNativeEntryGuardTest.kt:92)
	at com.mangalens.core.translation.ChapterNativeEntryGuardTest.actualOwnerControlChangeWithoutReplacingTheNativeJournalStillBlocksEntry(ChapterNativeEntryGuardTest.kt:33)
3) authorityReplacementDuringHeldFinalHashCannotEnterNativeWork(com.mangalens.core.translation.ChapterNativeEntryGuardTest)
java.lang.AssertionError
	at org.junit.Assert.fail(Assert.java:87)
	at org.junit.Assert.assertTrue(Assert.java:42)
	at org.junit.Assert.assertTrue(Assert.java:53)
	at com.mangalens.core.translation.ChapterNativeEntryGuardTest$authorityReplacementDuringHeldFinalHashCannotEnterNativeWork$1.invokeSuspend(ChapterNativeEntryGuardTest.kt:83)
	at kotlin.coroutines.jvm.internal.BaseContinuationImpl.resumeWith(ContinuationImpl.kt:33)
	at kotlinx.coroutines.DispatchedTask.run(DispatchedTask.kt:101)
	at kotlinx.coroutines.EventLoopImplBase.processNextEvent(EventLoop.common.kt:263)
	at kotlinx.coroutines.BlockingCoroutine.joinBlocking(Builders.kt:95)
	at kotlinx.coroutines.BuildersKt__BuildersKt.runBlocking(Builders.kt:69)
	at kotlinx.coroutines.BuildersKt.runBlocking(Unknown Source)
	at kotlinx.coroutines.BuildersKt__BuildersKt.runBlocking$default(Builders.kt:47)
	at kotlinx.coroutines.BuildersKt.runBlocking$default(Unknown Source)
	at com.mangalens.core.translation.ChapterNativeEntryGuardTest.authorityReplacementDuringHeldFinalHashCannotEnterNativeWork(ChapterNativeEntryGuardTest.kt:71)
4) changedTargetCannotEnterAnOldNativeRequest(com.mangalens.core.translation.ChapterNativeEntryGuardTest)
java.lang.AssertionError: Stale queued work did not reject its captured authority
	at org.junit.Assert.fail(Assert.java:89)
	at org.junit.Assert.assertTrue(Assert.java:42)
	at com.mangalens.core.translation.ChapterNativeEntryGuardTest$heldEntry$1.invokeSuspend(ChapterNativeEntryGuardTest.kt:108)
	at kotlin.coroutines.jvm.internal.BaseContinuationImpl.resumeWith(ContinuationImpl.kt:33)
	at kotlinx.coroutines.internal.ScopeCoroutine.afterResume(Scopes.kt:28)
	at kotlinx.coroutines.AbstractCoroutine.resumeWith(AbstractCoroutine.kt:100)
	at kotlin.coroutines.jvm.internal.BaseContinuationImpl.resumeWith(ContinuationImpl.kt:46)
	at kotlinx.coroutines.DispatchedTask.run(DispatchedTask.kt:101)
	at kotlinx.coroutines.EventLoopImplBase.processNextEvent(EventLoop.common.kt:263)
	at kotlinx.coroutines.BlockingCoroutine.joinBlocking(Builders.kt:95)
	at kotlinx.coroutines.BuildersKt__BuildersKt.runBlocking(Builders.kt:69)
	at kotlinx.coroutines.BuildersKt.runBlocking(Unknown Source)
	at kotlinx.coroutines.BuildersKt__BuildersKt.runBlocking$default(Builders.kt:47)
	at kotlinx.coroutines.BuildersKt.runBlocking$default(Unknown Source)
	at com.mangalens.core.translation.ChapterNativeEntryGuardTest.heldEntry(ChapterNativeEntryGuardTest.kt:92)
	at com.mangalens.core.translation.ChapterNativeEntryGuardTest.changedTargetCannotEnterAnOldNativeRequest(ChapterNativeEntryGuardTest.kt:24)
5) sameConfigurationReplacedOwnerAndGenerationCannotEnterOldNativeWork(com.mangalens.core.translation.ChapterNativeEntryGuardTest)
java.lang.AssertionError: Stale queued work did not reject its captured authority
	at org.junit.Assert.fail(Assert.java:89)
	at org.junit.Assert.assertTrue(Assert.java:42)
	at com.mangalens.core.translation.ChapterNativeEntryGuardTest$heldEntry$1.invokeSuspend(ChapterNativeEntryGuardTest.kt:108)
	at kotlin.coroutines.jvm.internal.BaseContinuationImpl.resumeWith(ContinuationImpl.kt:33)
	at kotlinx.coroutines.DispatchedTask.run(DispatchedTask.kt:101)
	at kotlinx.coroutines.EventLoopImplBase.processNextEvent(EventLoop.common.kt:263)
	at kotlinx.coroutines.BlockingCoroutine.joinBlocking(Builders.kt:95)
	at kotlinx.coroutines.BuildersKt__BuildersKt.runBlocking(Builders.kt:69)
	at kotlinx.coroutines.BuildersKt.runBlocking(Unknown Source)
	at kotlinx.coroutines.BuildersKt__BuildersKt.runBlocking$default(Builders.kt:47)
	at kotlinx.coroutines.BuildersKt.runBlocking$default(Unknown Source)
	at com.mangalens.core.translation.ChapterNativeEntryGuardTest.heldEntry(ChapterNativeEntryGuardTest.kt:92)
	at com.mangalens.core.translation.ChapterNativeEntryGuardTest.sameConfigurationReplacedOwnerAndGenerationCannotEnterOldNativeWork(ChapterNativeEntryGuardTest.kt:21)
6) pauseWhileQueuedCannotEnterOldNativeWork(com.mangalens.core.translation.ChapterNativeEntryGuardTest)
java.lang.AssertionError: Stale queued work did not reject its captured authority
	at org.junit.Assert.fail(Assert.java:89)
	at org.junit.Assert.assertTrue(Assert.java:42)
	at com.mangalens.core.translation.ChapterNativeEntryGuardTest$heldEntry$1.invokeSuspend(ChapterNativeEntryGuardTest.kt:108)
	at kotlin.coroutines.jvm.internal.BaseContinuationImpl.resumeWith(ContinuationImpl.kt:33)
	at kotlinx.coroutines.internal.ScopeCoroutine.afterResume(Scopes.kt:28)
	at kotlinx.coroutines.AbstractCoroutine.resumeWith(AbstractCoroutine.kt:100)
	at kotlin.coroutines.jvm.internal.BaseContinuationImpl.resumeWith(ContinuationImpl.kt:46)
	at kotlinx.coroutines.DispatchedTask.run(DispatchedTask.kt:101)
	at kotlinx.coroutines.EventLoopImplBase.processNextEvent(EventLoop.common.kt:263)
	at kotlinx.coroutines.BlockingCoroutine.joinBlocking(Builders.kt:95)
	at kotlinx.coroutines.BuildersKt__BuildersKt.runBlocking(Builders.kt:69)
	at kotlinx.coroutines.BuildersKt.runBlocking(Unknown Source)
	at kotlinx.coroutines.BuildersKt__BuildersKt.runBlocking$default(Builders.kt:47)
	at kotlinx.coroutines.BuildersKt.runBlocking$default(Unknown Source)
	at com.mangalens.core.translation.ChapterNativeEntryGuardTest.heldEntry(ChapterNativeEntryGuardTest.kt:92)
	at com.mangalens.core.translation.ChapterNativeEntryGuardTest.pauseWhileQueuedCannotEnterOldNativeWork(ChapterNativeEntryGuardTest.kt:20)
7) explicitChapterRemovalWhileQueuedCannotEnterOrResurrectOldWork(com.mangalens.core.translation.ChapterNativeEntryGuardTest)
java.lang.AssertionError: Stale queued work did not reject its captured authority
	at org.junit.Assert.fail(Assert.java:89)
	at org.junit.Assert.assertTrue(Assert.java:42)
	at com.mangalens.core.translation.ChapterNativeEntryGuardTest$heldEntry$1.invokeSuspend(ChapterNativeEntryGuardTest.kt:108)
	at kotlin.coroutines.jvm.internal.BaseContinuationImpl.resumeWith(ContinuationImpl.kt:33)
	at kotlinx.coroutines.internal.ScopeCoroutine.afterResume(Scopes.kt:28)
	at kotlinx.coroutines.AbstractCoroutine.resumeWith(AbstractCoroutine.kt:100)
	at kotlin.coroutines.jvm.internal.BaseContinuationImpl.resumeWith(ContinuationImpl.kt:46)
	at kotlinx.coroutines.DispatchedTask.run(DispatchedTask.kt:101)
	at kotlinx.coroutines.EventLoopImplBase.processNextEvent(EventLoop.common.kt:263)
	at kotlinx.coroutines.BlockingCoroutine.joinBlocking(Builders.kt:95)
	at kotlinx.coroutines.BuildersKt__BuildersKt.runBlocking(Builders.kt:69)
	at kotlinx.coroutines.BuildersKt.runBlocking(Unknown Source)
	at kotlinx.coroutines.BuildersKt__BuildersKt.runBlocking$default(Builders.kt:47)
	at kotlinx.coroutines.BuildersKt.runBlocking$default(Unknown Source)
	at com.mangalens.core.translation.ChapterNativeEntryGuardTest.heldEntry(ChapterNativeEntryGuardTest.kt:92)
	at com.mangalens.core.translation.ChapterNativeEntryGuardTest.explicitChapterRemovalWhileQueuedCannotEnterOrResurrectOldWork(ChapterNativeEntryGuardTest.kt:34)
8) sourceHashRunsOnlyAtFinalWaitedEntryAndFreshGenerationStillRuns(com.mangalens.core.translation.ChapterNativeEntryGuardTest)
java.lang.AssertionError: One final waited entry needs one bounded source hash expected:<1> but was:<0>
	at org.junit.Assert.fail(Assert.java:89)
	at org.junit.Assert.failNotEquals(Assert.java:835)
	at org.junit.Assert.assertEquals(Assert.java:120)
	at com.mangalens.core.translation.ChapterNativeEntryGuardTest$sourceHashRunsOnlyAtFinalWaitedEntryAndFreshGenerationStillRuns$1.invokeSuspend(ChapterNativeEntryGuardTest.kt:59)
	at kotlin.coroutines.jvm.internal.BaseContinuationImpl.resumeWith(ContinuationImpl.kt:33)
	at kotlinx.coroutines.internal.ScopeCoroutine.afterResume(Scopes.kt:28)
	at kotlinx.coroutines.AbstractCoroutine.resumeWith(AbstractCoroutine.kt:100)
	at kotlin.coroutines.jvm.internal.BaseContinuationImpl.resumeWith(ContinuationImpl.kt:46)
	at kotlinx.coroutines.DispatchedTask.run(DispatchedTask.kt:101)
	at kotlinx.coroutines.EventLoopImplBase.processNextEvent(EventLoop.common.kt:263)
	at kotlinx.coroutines.BlockingCoroutine.joinBlocking(Builders.kt:95)
	at kotlinx.coroutines.BuildersKt__BuildersKt.runBlocking(Builders.kt:69)
	at kotlinx.coroutines.BuildersKt.runBlocking(Unknown Source)
	at kotlinx.coroutines.BuildersKt__BuildersKt.runBlocking$default(Builders.kt:47)
	at kotlinx.coroutines.BuildersKt.runBlocking$default(Unknown Source)
	at com.mangalens.core.translation.ChapterNativeEntryGuardTest.sourceHashRunsOnlyAtFinalWaitedEntryAndFreshGenerationStillRuns(ChapterNativeEntryGuardTest.kt:38)

FAILURES!!!
Tests run: 8,  Failures: 8

