Picked up JAVA_TOOL_OPTIONS:  -Djavax.net.ssl.trustStore=/etc/ssl/certs/java/cacerts -Dhttps.proxyHost=proxy -Dhttps.proxyPort=8080 -Dhttp.proxyHost=proxy -Dhttp.proxyPort=8080 -Dhttp.nonProxyHosts=localhost|127.*
To honour the JVM settings for this build a single-use Daemon process will be forked. For more on this, please refer to https://docs.gradle.org/8.9/userguide/gradle_daemon.html#sec:disabling_the_daemon in the Gradle documentation.
Daemon will be stopped at the end of the build 
> Task :app:checkKotlinGradlePluginConfigurationErrors SKIPPED
> Task :app:preBuild UP-TO-DATE
> Task :app:preDebugBuild UP-TO-DATE
> Task :app:generateDebugBuildConfig
> Task :orez-native:preBuild UP-TO-DATE
> Task :orez-native:preDebugBuild UP-TO-DATE
> Task :orez-native:writeDebugAarMetadata UP-TO-DATE
> Task :whisper-native:preBuild UP-TO-DATE
> Task :whisper-native:preDebugBuild UP-TO-DATE
> Task :whisper-native:writeDebugAarMetadata UP-TO-DATE
> Task :app:generateDebugResValues UP-TO-DATE
> Task :orez-native:generateDebugResValues UP-TO-DATE
> Task :orez-native:generateDebugResources UP-TO-DATE
> Task :orez-native:packageDebugResources UP-TO-DATE
> Task :whisper-native:generateDebugResValues UP-TO-DATE
> Task :whisper-native:generateDebugResources UP-TO-DATE
> Task :whisper-native:packageDebugResources UP-TO-DATE
> Task :app:checkDebugAarMetadata
> Task :app:mapDebugSourceSetPaths
> Task :app:generateDebugResources UP-TO-DATE
> Task :app:packageDebugResources UP-TO-DATE
> Task :app:parseDebugLocalResources UP-TO-DATE
> Task :app:createDebugCompatibleScreenManifests
> Task :app:extractDeepLinksDebug UP-TO-DATE
> Task :orez-native:extractDeepLinksDebug UP-TO-DATE
> Task :app:mergeDebugResources
> Task :orez-native:processDebugManifest UP-TO-DATE
> Task :whisper-native:extractDeepLinksDebug UP-TO-DATE
> Task :whisper-native:processDebugManifest UP-TO-DATE

> Task :app:processDebugMainManifest
/workspace/MangaLens/app/src/main/AndroidManifest.xml:17:9-41 Warning:
	android:extractNativeLibs should not be specified in this source AndroidManifest.xml file. See https://d.android.com/guide/topics/manifest/application-element#extractNativeLibs for more information.
The AGP Upgrade Assistant can remove the attribute from the AndroidManifest.xml file and update the build file accordingly. See https://d.android.com/studio/build/agp-upgrade-assistant for more information.

> Task :app:processDebugManifest
> Task :orez-native:compileDebugLibraryResources UP-TO-DATE
> Task :orez-native:parseDebugLocalResources UP-TO-DATE
> Task :orez-native:generateDebugRFile UP-TO-DATE
> Task :whisper-native:compileDebugLibraryResources UP-TO-DATE
> Task :app:processDebugManifestForPackage
> Task :whisper-native:parseDebugLocalResources UP-TO-DATE
> Task :whisper-native:generateDebugRFile UP-TO-DATE
> Task :orez-native:checkKotlinGradlePluginConfigurationErrors SKIPPED
> Task :orez-native:compileDebugKotlin UP-TO-DATE
> Task :orez-native:javaPreCompileDebug UP-TO-DATE
> Task :orez-native:compileDebugJavaWithJavac NO-SOURCE
> Task :orez-native:bundleLibCompileToJarDebug UP-TO-DATE
> Task :whisper-native:checkKotlinGradlePluginConfigurationErrors SKIPPED
> Task :whisper-native:compileDebugKotlin UP-TO-DATE
> Task :whisper-native:javaPreCompileDebug UP-TO-DATE
> Task :whisper-native:compileDebugJavaWithJavac NO-SOURCE
> Task :whisper-native:bundleLibCompileToJarDebug UP-TO-DATE
> Task :app:javaPreCompileDebug UP-TO-DATE
> Task :app:preDebugUnitTestBuild UP-TO-DATE
> Task :app:javaPreCompileDebugUnitTest UP-TO-DATE
> Task :orez-native:bundleLibRuntimeToJarDebug UP-TO-DATE
> Task :orez-native:processDebugJavaRes UP-TO-DATE
> Task :whisper-native:bundleLibRuntimeToJarDebug UP-TO-DATE
> Task :whisper-native:processDebugJavaRes UP-TO-DATE
> Task :orez-native:preDebugUnitTestBuild UP-TO-DATE
> Task :orez-native:generateDebugUnitTestStubRFile UP-TO-DATE
> Task :orez-native:compileDebugUnitTestKotlin UP-TO-DATE
> Task :orez-native:javaPreCompileDebugUnitTest UP-TO-DATE
> Task :orez-native:compileDebugUnitTestJavaWithJavac NO-SOURCE
> Task :orez-native:processDebugUnitTestJavaRes UP-TO-DATE
> Task :orez-native:testDebugUnitTest UP-TO-DATE
> Task :whisper-native:preDebugUnitTestBuild UP-TO-DATE
> Task :whisper-native:generateDebugUnitTestStubRFile UP-TO-DATE
> Task :whisper-native:compileDebugUnitTestKotlin NO-SOURCE
> Task :whisper-native:javaPreCompileDebugUnitTest UP-TO-DATE
> Task :whisper-native:compileDebugUnitTestJavaWithJavac NO-SOURCE
> Task :whisper-native:processDebugUnitTestJavaRes NO-SOURCE
> Task :whisper-native:testDebugUnitTest NO-SOURCE
> Task :orez-native:configureCMakeDebug[arm64-v8a]
> Task :orez-native:buildCMakeDebug[arm64-v8a]
> Task :orez-native:configureCMakeDebug[x86_64]
> Task :orez-native:buildCMakeDebug[x86_64]
> Task :orez-native:mergeDebugJniLibFolders UP-TO-DATE
> Task :orez-native:mergeDebugNativeLibs UP-TO-DATE
> Task :orez-native:stripDebugDebugSymbols UP-TO-DATE
> Task :orez-native:copyDebugJniLibsProjectAndLocalJars UP-TO-DATE
> Task :orez-native:extractDebugAnnotations UP-TO-DATE
> Task :orez-native:extractDeepLinksForAarDebug UP-TO-DATE
> Task :orez-native:mergeDebugGeneratedProguardFiles UP-TO-DATE
> Task :orez-native:mergeDebugConsumerProguardFiles UP-TO-DATE
> Task :orez-native:mergeDebugShaders UP-TO-DATE
> Task :orez-native:compileDebugShaders NO-SOURCE
> Task :orez-native:generateDebugAssets UP-TO-DATE
> Task :orez-native:packageDebugAssets UP-TO-DATE
> Task :orez-native:prepareDebugArtProfile UP-TO-DATE
> Task :orez-native:prepareLintJarForPublish UP-TO-DATE
> Task :orez-native:mergeDebugJavaResource UP-TO-DATE
> Task :orez-native:syncDebugLibJars UP-TO-DATE
> Task :orez-native:bundleDebugLocalLintAar UP-TO-DATE
> Task :whisper-native:configureCMakeDebug[arm64-v8a]
> Task :app:processDebugResources
> Task :whisper-native:buildCMakeDebug[arm64-v8a]
> Task :whisper-native:configureCMakeDebug[x86_64]
> Task :app:kspDebugKotlin
> Task :whisper-native:buildCMakeDebug[x86_64]
> Task :whisper-native:mergeDebugJniLibFolders UP-TO-DATE
> Task :whisper-native:mergeDebugNativeLibs
> Task :whisper-native:stripDebugDebugSymbols
> Task :whisper-native:copyDebugJniLibsProjectAndLocalJars
> Task :whisper-native:extractDebugAnnotations UP-TO-DATE
> Task :whisper-native:extractDeepLinksForAarDebug UP-TO-DATE
> Task :whisper-native:mergeDebugGeneratedProguardFiles UP-TO-DATE
> Task :whisper-native:mergeDebugConsumerProguardFiles UP-TO-DATE
> Task :whisper-native:mergeDebugShaders UP-TO-DATE
> Task :whisper-native:compileDebugShaders NO-SOURCE
> Task :whisper-native:generateDebugAssets UP-TO-DATE
> Task :whisper-native:packageDebugAssets UP-TO-DATE
> Task :whisper-native:prepareDebugArtProfile UP-TO-DATE
> Task :whisper-native:prepareLintJarForPublish UP-TO-DATE
> Task :whisper-native:mergeDebugJavaResource UP-TO-DATE
> Task :whisper-native:syncDebugLibJars UP-TO-DATE
> Task :whisper-native:bundleDebugLocalLintAar
> Task :app:preDebugAndroidTestBuild SKIPPED
> Task :app:generateDebugAndroidTestResValues UP-TO-DATE
> Task :orez-native:createFullJarDebug UP-TO-DATE
> Task :orez-native:writeDebugLintModelMetadata UP-TO-DATE
> Task :whisper-native:createFullJarDebug UP-TO-DATE
> Task :whisper-native:writeDebugLintModelMetadata UP-TO-DATE
> Task :app:extractProguardFiles UP-TO-DATE
> Task :orez-native:extractProguardFiles UP-TO-DATE
> Task :orez-native:generateDebugLintModel UP-TO-DATE
> Task :whisper-native:extractProguardFiles UP-TO-DATE
> Task :whisper-native:generateDebugLintModel UP-TO-DATE
> Task :orez-native:lintAnalyzeDebug UP-TO-DATE
> Task :whisper-native:lintAnalyzeDebug UP-TO-DATE
> Task :orez-native:preDebugAndroidTestBuild UP-TO-DATE
> Task :orez-native:generateDebugAndroidTestResValues UP-TO-DATE
> Task :orez-native:generateDebugAndroidTestLintModel UP-TO-DATE
> Task :orez-native:generateDebugUnitTestLintModel UP-TO-DATE
> Task :orez-native:lintAnalyzeDebugAndroidTest UP-TO-DATE
> Task :orez-native:lintAnalyzeDebugUnitTest UP-TO-DATE
> Task :whisper-native:preDebugAndroidTestBuild UP-TO-DATE
> Task :whisper-native:generateDebugAndroidTestResValues UP-TO-DATE
> Task :whisper-native:generateDebugAndroidTestLintModel
> Task :whisper-native:generateDebugUnitTestLintModel
> Task :whisper-native:lintAnalyzeDebugAndroidTest
> Task :whisper-native:lintAnalyzeDebugUnitTest
> Task :orez-native:generateDebugLintReportModel UP-TO-DATE
> Task :orez-native:lintReportDebug UP-TO-DATE
> Task :orez-native:lintDebug
> Task :whisper-native:generateDebugLintReportModel UP-TO-DATE
> Task :whisper-native:lintReportDebug
> Task :whisper-native:lintDebug
> Task :app:mergeDebugNativeDebugMetadata NO-SOURCE
> Task :app:mergeDebugShaders UP-TO-DATE
> Task :app:compileDebugShaders NO-SOURCE
> Task :app:generateDebugAssets UP-TO-DATE
> Task :app:mergeDebugAssets UP-TO-DATE
> Task :app:compressDebugAssets UP-TO-DATE
> Task :app:desugarDebugFileDependencies UP-TO-DATE
> Task :app:checkDebugDuplicateClasses
> Task :app:compileDebugKotlin
> Task :app:mergeExtDexDebug
> Task :orez-native:bundleLibRuntimeToDirDebug UP-TO-DATE
> Task :whisper-native:bundleLibRuntimeToDirDebug UP-TO-DATE
> Task :app:mergeLibDexDebug UP-TO-DATE
> Task :app:mergeDebugJniLibFolders UP-TO-DATE
> Task :orez-native:copyDebugJniLibsProjectOnly UP-TO-DATE
> Task :whisper-native:copyDebugJniLibsProjectOnly
> Task :app:mergeDebugNativeLibs

> Task :app:stripDebugDebugSymbols
Unable to strip the following libraries, packaging them as they are: libmangalens_whisper.so.

> Task :app:validateSigningDebug UP-TO-DATE
> Task :app:writeDebugAppMetadata UP-TO-DATE
> Task :app:writeDebugSigningConfigVersions UP-TO-DATE
> Task :orez-native:bundleDebugAar UP-TO-DATE
> Task :orez-native:assembleDebug UP-TO-DATE
> Task :whisper-native:bundleDebugAar
> Task :whisper-native:assembleDebug
> Task :app:preSelfTestBuild UP-TO-DATE
> Task :app:mergeSelfTestNativeDebugMetadata NO-SOURCE
> Task :app:generateSelfTestBuildConfig
> Task :app:checkSelfTestAarMetadata
> Task :app:generateSelfTestResValues
> Task :app:mapSelfTestSourceSetPaths
> Task :app:generateSelfTestResources
> Task :app:mergeSelfTestResources
> Task :app:packageSelfTestResources
> Task :app:parseSelfTestLocalResources
> Task :app:createSelfTestCompatibleScreenManifests
> Task :app:extractDeepLinksSelfTest

> Task :app:processSelfTestMainManifest
/workspace/MangaLens/app/src/main/AndroidManifest.xml:17:9-41 Warning:
	android:extractNativeLibs should not be specified in this source AndroidManifest.xml file. See https://d.android.com/guide/topics/manifest/application-element#extractNativeLibs for more information.
The AGP Upgrade Assistant can remove the attribute from the AndroidManifest.xml file and update the build file accordingly. See https://d.android.com/studio/build/agp-upgrade-assistant for more information.

> Task :app:processSelfTestManifest
> Task :app:processSelfTestManifestForPackage
> Task :app:processSelfTestResources
> Task :app:kspSelfTestKotlin

> Task :app:compileDebugKotlin
w: file:///workspace/MangaLens/app/src/main/java/com/mangalens/ui/ai/OrezAiScreen.kt:817:41 'val Icons.Outlined.Send: ImageVector' is deprecated. Use the AutoMirrored version at Icons.AutoMirrored.Outlined.Send.
w: file:///workspace/MangaLens/app/src/main/java/com/mangalens/ui/components/MangaLensBottomNav.kt:22:61 'val Icons.Outlined.MenuBook: ImageVector' is deprecated. Use the AutoMirrored version at Icons.AutoMirrored.Outlined.MenuBook.
w: file:///workspace/MangaLens/app/src/main/java/com/mangalens/ui/reader/ReaderMangaImage.kt:64:43 'static fun newInstance(p0: String, p1: Boolean): BitmapRegionDecoder' is deprecated. Deprecated in Java.
w: file:///workspace/MangaLens/app/src/main/java/com/mangalens/ui/reader/ReaderMangaImage.kt:101:43 'static fun newInstance(p0: String, p1: Boolean): BitmapRegionDecoder' is deprecated. Deprecated in Java.
w: file:///workspace/MangaLens/app/src/main/java/com/mangalens/ui/video/VideoSpeechEngine.kt:46:1 Annotation 'androidx.media3.common.util.UnstableApi' is not annotated with '@RequiresOptIn'. '@OptIn' has no effect.
w: file:///workspace/MangaLens/app/src/main/java/com/mangalens/ui/web/AdBlockedWebScreen.kt:942:35 'fun LinearProgressIndicator(progress: Float, modifier: Modifier = ..., color: Color = ..., trackColor: Color = ..., strokeCap: StrokeCap = ...): Unit' is deprecated. Use the overload that takes `progress` as a lambda.
w: file:///workspace/MangaLens/app/src/main/java/com/mangalens/ui/web/AdBlockedWebScreen.kt:1083:38 'fun LinearProgressIndicator(progress: Float, modifier: Modifier = ..., color: Color = ..., trackColor: Color = ..., strokeCap: StrokeCap = ...): Unit' is deprecated. Use the overload that takes `progress` as a lambda.
w: file:///workspace/MangaLens/app/src/main/java/com/mangalens/ui/video/AdvancedVideoEngine.kt:22:18 'constructor(p0: File, p1: CacheEvictor): SimpleCache' is deprecated. Deprecated in Java.

> Task :app:compileDebugJavaWithJavac
> Task :app:bundleDebugClassesToRuntimeJar
> Task :app:bundleDebugClassesToCompileJar
> Task :app:kspDebugUnitTestKotlin
> Task :app:compileSelfTestKotlin
> Task :app:compileDebugUnitTestKotlin
> Task :app:compileDebugUnitTestJavaWithJavac NO-SOURCE
> Task :app:processDebugJavaRes
> Task :app:processDebugUnitTestJavaRes UP-TO-DATE

> Task :app:testDebugUnitTest
Picked up JAVA_TOOL_OPTIONS:  -Djavax.net.ssl.trustStore=/etc/ssl/certs/java/cacerts -Dhttps.proxyHost=proxy -Dhttps.proxyPort=8080 -Dhttp.proxyHost=proxy -Dhttp.proxyPort=8080 -Dhttp.nonProxyHosts=localhost|127.*

> Task :app:generateDebugAndroidTestLintModel
> Task :app:generateDebugLintReportModel
> Task :app:generateDebugUnitTestLintModel
> Task :app:lintAnalyzeDebug

> Task :app:compileSelfTestKotlin
w: file:///workspace/MangaLens/app/src/main/java/com/mangalens/MangaLensApplication.kt:25:42 'static field TRIM_MEMORY_RUNNING_LOW: Int' is deprecated. Deprecated in Java.
w: file:///workspace/MangaLens/app/src/main/java/com/mangalens/MangaLensApplication.kt:26:42 'static field TRIM_MEMORY_RUNNING_CRITICAL: Int' is deprecated. Deprecated in Java.
w: file:///workspace/MangaLens/app/src/main/java/com/mangalens/core/compute/AndroidResourceSignalMonitor.kt:72:33 'static field TRIM_MEMORY_RUNNING_CRITICAL: Int' is deprecated. Deprecated in Java.
w: file:///workspace/MangaLens/app/src/main/java/com/mangalens/core/compute/AndroidResourceSignalMonitor.kt:73:33 'static field TRIM_MEMORY_RUNNING_LOW: Int' is deprecated. Deprecated in Java.
w: file:///workspace/MangaLens/app/src/main/java/com/mangalens/core/compute/AndroidResourceSignalMonitor.kt:74:33 'static field TRIM_MEMORY_RUNNING_MODERATE: Int' is deprecated. Deprecated in Java.
w: file:///workspace/MangaLens/app/src/main/java/com/mangalens/core/compute/AndroidResourceSignalMonitor.kt:75:33 'static field TRIM_MEMORY_COMPLETE: Int' is deprecated. Deprecated in Java.
w: file:///workspace/MangaLens/app/src/main/java/com/mangalens/core/translation/ChapterPageTranslator.kt:200:44 'static fun newInstance(p0: String, p1: Boolean): BitmapRegionDecoder' is deprecated. Deprecated in Java.
w: file:///workspace/MangaLens/app/src/main/java/com/mangalens/ui/ai/OrezAiScreen.kt:817:41 'val Icons.Outlined.Send: ImageVector' is deprecated. Use the AutoMirrored version at Icons.AutoMirrored.Outlined.Send.
w: file:///workspace/MangaLens/app/src/main/java/com/mangalens/ui/components/MangaLensBottomNav.kt:22:61 'val Icons.Outlined.MenuBook: ImageVector' is deprecated. Use the AutoMirrored version at Icons.AutoMirrored.Outlined.MenuBook.
w: file:///workspace/MangaLens/app/src/main/java/com/mangalens/ui/reader/ReaderMangaImage.kt:64:43 'static fun newInstance(p0: String, p1: Boolean): BitmapRegionDecoder' is deprecated. Deprecated in Java.
w: file:///workspace/MangaLens/app/src/main/java/com/mangalens/ui/reader/ReaderMangaImage.kt:101:43 'static fun newInstance(p0: String, p1: Boolean): BitmapRegionDecoder' is deprecated. Deprecated in Java.
w: file:///workspace/MangaLens/app/src/main/java/com/mangalens/ui/theme/Theme.kt:112:20 'var navigationBarColor: Int' is deprecated. Deprecated in Java.
w: file:///workspace/MangaLens/app/src/main/java/com/mangalens/ui/video/AdvancedVideoEngine.kt:22:18 'constructor(p0: File, p1: CacheEvictor): SimpleCache' is deprecated. Deprecated in Java.
w: file:///workspace/MangaLens/app/src/main/java/com/mangalens/ui/video/LiveAudioSubtitleControls.kt:273:17 'fun LinearProgressIndicator(progress: Float, modifier: Modifier = ..., color: Color = ..., trackColor: Color = ..., strokeCap: StrokeCap = ...): Unit' is deprecated. Use the overload that takes `progress` as a lambda.
w: file:///workspace/MangaLens/app/src/main/java/com/mangalens/ui/video/VideoPlaybackService.kt:139:44 'constructor(p0: Int, p1: CharSequence!, p2: PendingIntent?): Notification.Action.Builder' is deprecated. Deprecated in Java.
w: file:///workspace/MangaLens/app/src/main/java/com/mangalens/ui/video/VideoPlaybackService.kt:140:44 'constructor(p0: Int, p1: CharSequence!, p2: PendingIntent?): Notification.Action.Builder' is deprecated. Deprecated in Java.
w: file:///workspace/MangaLens/app/src/main/java/com/mangalens/ui/video/VideoPlaybackService.kt:142:44 'constructor(p0: Int, p1: CharSequence!, p2: PendingIntent?): Notification.Action.Builder' is deprecated. Deprecated in Java.
w: file:///workspace/MangaLens/app/src/main/java/com/mangalens/ui/video/VideoPlaybackService.kt:143:44 'constructor(p0: Int, p1: CharSequence!, p2: PendingIntent?): Notification.Action.Builder' is deprecated. Deprecated in Java.
w: file:///workspace/MangaLens/app/src/main/java/com/mangalens/ui/video/VideoSpeechEngine.kt:46:1 Annotation 'androidx.media3.common.util.UnstableApi' is not annotated with '@RequiresOptIn'. '@OptIn' has no effect.
w: file:///workspace/MangaLens/app/src/main/java/com/mangalens/ui/web/AdBlockedWebScreen.kt:942:35 'fun LinearProgressIndicator(progress: Float, modifier: Modifier = ..., color: Color = ..., trackColor: Color = ..., strokeCap: StrokeCap = ...): Unit' is deprecated. Use the overload that takes `progress` as a lambda.
w: file:///workspace/MangaLens/app/src/main/java/com/mangalens/ui/web/AdBlockedWebScreen.kt:1083:38 'fun LinearProgressIndicator(progress: Float, modifier: Modifier = ..., color: Color = ..., trackColor: Color = ..., strokeCap: StrokeCap = ...): Unit' is deprecated. Use the overload that takes `progress` as a lambda.

> Task :app:lintAnalyzeDebugAndroidTest
> Task :app:lintAnalyzeDebugUnitTest
> Task :app:dexBuilderDebug
> Task :app:mergeDebugGlobalSynthetics UP-TO-DATE
> Task :app:mergeDebugJavaResource
> Task :app:mergeProjectDexDebug
> Task :app:packageDebug
> Task :app:createDebugApkListingFileRedirect
> Task :app:assembleDebug
> Task :app:javaPreCompileSelfTest
> Task :app:compileSelfTestJavaWithJavac
> Task :app:mergeSelfTestShaders
> Task :app:compileSelfTestShaders NO-SOURCE
> Task :app:generateSelfTestAssets UP-TO-DATE
> Task :app:mergeSelfTestAssets
> Task :app:compressSelfTestAssets
> Task :app:checkSelfTestDuplicateClasses
> Task :app:desugarSelfTestFileDependencies
> Task :app:mergeExtDexSelfTest
> Task :app:mergeLibDexSelfTest
> Task :app:dexBuilderSelfTest

> Task :app:lintReportDebug
Wrote HTML report to file:///workspace/MangaLens/app/build/reports/lint-results-debug.html

> Task :app:lintDebug
> Task :app:mergeSelfTestGlobalSynthetics
> Task :app:processSelfTestJavaRes
> Task :app:mergeProjectDexSelfTest
> Task :app:mergeSelfTestJniLibFolders
> Task :app:mergeSelfTestJavaResource
> Task :app:validateSigningSelfTest
> Task :app:writeSelfTestAppMetadata
> Task :app:writeSelfTestSigningConfigVersions
> Task :app:processDebugAndroidTestManifest UP-TO-DATE
> Task :app:generateDebugAndroidTestBuildConfig UP-TO-DATE
> Task :app:checkDebugAndroidTestAarMetadata UP-TO-DATE
> Task :app:mapDebugAndroidTestSourceSetPaths UP-TO-DATE
> Task :app:generateDebugAndroidTestResources UP-TO-DATE
> Task :app:mergeDebugAndroidTestResources UP-TO-DATE
> Task :app:processDebugAndroidTestResources UP-TO-DATE
> Task :app:kspDebugAndroidTestKotlin
> Task :app:mergeSelfTestNativeLibs

> Task :app:stripSelfTestDebugSymbols
Unable to strip the following libraries, packaging them as they are: libandroidx.graphics.path.so, libggml-base.so, libggml-cpu.so, libggml.so, liblanguage_id_l2c_jni.so, libllama-common.so, libllama.so, libmangalens_ffmpeg.so, libmangalens_ffprobe.so, libmangalens_orez_native.so, libmangalens_whisper.so, libmlkit_google_ocr_pipeline.so, libomp.so, libpython.so, libpython.zip.so, libqjs.so, libtranslate_jni.so.

> Task :app:compileDebugAndroidTestKotlin FAILED
e: file:///workspace/MangaLens/app/src/androidTest/java/com/mangalens/ReaderPersonalCorrectionUiTest.kt:177:38 Suspend function 'suspend fun refresh(taskId: String, generation: String? = ...): ChapterTranslationTask?' should be called only from a coroutine or another suspend function.
e: file:///workspace/MangaLens/app/src/androidTest/java/com/mangalens/SeriesMemoryUiTest.kt:50:109 Unresolved reference 'getSeries'.
e: file:///workspace/MangaLens/app/src/androidTest/java/com/mangalens/SeriesMemoryUiTest.kt:51:24 Cannot infer type for this parameter. Please specify it explicitly.
e: file:///workspace/MangaLens/app/src/androidTest/java/com/mangalens/SeriesMemoryUiTest.kt:51:36 Cannot infer type for this parameter. Please specify it explicitly.
e: file:///workspace/MangaLens/app/src/androidTest/java/com/mangalens/SeriesMemoryUiTest.kt:51:47 Unresolved reference 'getSeries'.
e: file:///workspace/MangaLens/app/src/androidTest/java/com/mangalens/SeriesMemoryUiTest.kt:51:70 Unresolved reference 'glossary'.
e: file:///workspace/MangaLens/app/src/androidTest/java/com/mangalens/SeriesMemoryUiTest.kt:52:62 Unresolved reference 'aliases'.
e: file:///workspace/MangaLens/app/src/androidTest/java/com/mangalens/SeriesMemoryUiTest.kt:52:88 Unresolved reference 'origin'.
e: file:///workspace/MangaLens/app/src/androidTest/java/com/mangalens/SeriesMemoryUiTest.kt:66:26 Unresolved reference 'getSeries'.
e: file:///workspace/MangaLens/app/src/androidTest/java/com/mangalens/SeriesMemoryUiTest.kt:66:74 Cannot infer type for this parameter. Please specify it explicitly.
e: file:///workspace/MangaLens/app/src/androidTest/java/com/mangalens/SeriesMemoryUiTest.kt:66:74 Unresolved reference. None of the following candidates is applicable because of a receiver type mismatch:
fun <T, R> T.let(block: (T) -> R): R
    [R|Contract description]
     <
        CallsInPlace(block, EXACTLY_ONCE)
    >
e: file:///workspace/MangaLens/app/src/androidTest/java/com/mangalens/SeriesMemoryUiTest.kt:66:78 Cannot infer type for this parameter. Please specify it explicitly.
e: file:///workspace/MangaLens/app/src/androidTest/java/com/mangalens/SeriesMemoryUiTest.kt:66:83 Unresolved reference 'id'.
e: file:///workspace/MangaLens/app/src/androidTest/java/com/mangalens/SeriesMemoryUiTest.kt:66:94 Unresolved reference 'id'.
e: file:///workspace/MangaLens/app/src/androidTest/java/com/mangalens/SeriesMemoryUiTest.kt:66:103 Unresolved reference 'preferred'.
e: file:///workspace/MangaLens/app/src/androidTest/java/com/mangalens/SeriesMemoryUiTest.kt:69:96 Unresolved reference 'getSeries'.

> Task :app:javaPreCompileDebugAndroidTest UP-TO-DATE
> Task :app:mergeDebugAndroidTestShaders UP-TO-DATE
> Task :app:compileDebugAndroidTestShaders NO-SOURCE
> Task :app:generateDebugAndroidTestAssets UP-TO-DATE
> Task :app:mergeDebugAndroidTestAssets UP-TO-DATE
> Task :app:compressDebugAndroidTestAssets UP-TO-DATE
> Task :app:desugarDebugAndroidTestFileDependencies UP-TO-DATE
> Task :app:checkDebugAndroidTestDuplicateClasses UP-TO-DATE
> Task :app:mergeExtDexDebugAndroidTest UP-TO-DATE
> Task :app:mergeLibDexDebugAndroidTest UP-TO-DATE
> Task :app:mergeDebugAndroidTestJniLibFolders UP-TO-DATE
> Task :app:mergeDebugAndroidTestNativeLibs NO-SOURCE
> Task :app:stripDebugAndroidTestDebugSymbols NO-SOURCE
> Task :app:validateSigningDebugAndroidTest UP-TO-DATE
> Task :app:writeDebugAndroidTestSigningConfigVersions UP-TO-DATE
> Task :orez-native:checkDebugAndroidTestAarMetadata UP-TO-DATE
> Task :orez-native:mapDebugAndroidTestSourceSetPaths UP-TO-DATE
> Task :orez-native:generateDebugAndroidTestResources UP-TO-DATE
> Task :orez-native:mergeDebugAndroidTestResources UP-TO-DATE
> Task :orez-native:processDebugAndroidTestManifest UP-TO-DATE
> Task :orez-native:processDebugAndroidTestResources UP-TO-DATE
> Task :orez-native:compileDebugAndroidTestKotlin NO-SOURCE
> Task :orez-native:javaPreCompileDebugAndroidTest UP-TO-DATE
> Task :orez-native:compileDebugAndroidTestJavaWithJavac NO-SOURCE
> Task :orez-native:mergeDebugAndroidTestShaders UP-TO-DATE
> Task :orez-native:compileDebugAndroidTestShaders NO-SOURCE
> Task :orez-native:generateDebugAndroidTestAssets UP-TO-DATE
> Task :orez-native:mergeDebugAndroidTestAssets UP-TO-DATE
> Task :orez-native:compressDebugAndroidTestAssets UP-TO-DATE
> Task :orez-native:desugarDebugAndroidTestFileDependencies UP-TO-DATE
> Task :orez-native:dexBuilderDebugAndroidTest UP-TO-DATE
> Task :orez-native:mergeDebugAndroidTestGlobalSynthetics UP-TO-DATE
> Task :orez-native:processDebugAndroidTestJavaRes NO-SOURCE
> Task :orez-native:mergeDebugAndroidTestJavaResource UP-TO-DATE
> Task :orez-native:checkDebugAndroidTestDuplicateClasses UP-TO-DATE
> Task :orez-native:mergeExtDexDebugAndroidTest UP-TO-DATE
> Task :orez-native:mergeLibDexDebugAndroidTest UP-TO-DATE
> Task :orez-native:mergeProjectDexDebugAndroidTest UP-TO-DATE
> Task :orez-native:mergeDebugAndroidTestJniLibFolders UP-TO-DATE
> Task :orez-native:mergeDebugAndroidTestNativeLibs UP-TO-DATE
> Task :orez-native:stripDebugAndroidTestDebugSymbols UP-TO-DATE
> Task :orez-native:validateSigningDebugAndroidTest UP-TO-DATE
> Task :orez-native:writeDebugAndroidTestSigningConfigVersions UP-TO-DATE
> Task :orez-native:packageDebugAndroidTest UP-TO-DATE
> Task :orez-native:createDebugAndroidTestApkListingFileRedirect UP-TO-DATE
> Task :orez-native:assembleDebugAndroidTest UP-TO-DATE
> Task :whisper-native:checkDebugAndroidTestAarMetadata UP-TO-DATE
> Task :whisper-native:mapDebugAndroidTestSourceSetPaths UP-TO-DATE
> Task :whisper-native:generateDebugAndroidTestResources UP-TO-DATE
> Task :whisper-native:mergeDebugAndroidTestResources UP-TO-DATE
> Task :whisper-native:processDebugAndroidTestManifest UP-TO-DATE
> Task :whisper-native:processDebugAndroidTestResources UP-TO-DATE
> Task :whisper-native:compileDebugAndroidTestKotlin NO-SOURCE
> Task :whisper-native:javaPreCompileDebugAndroidTest UP-TO-DATE
> Task :whisper-native:compileDebugAndroidTestJavaWithJavac NO-SOURCE
> Task :whisper-native:mergeDebugAndroidTestShaders UP-TO-DATE
> Task :whisper-native:compileDebugAndroidTestShaders NO-SOURCE
> Task :whisper-native:generateDebugAndroidTestAssets UP-TO-DATE
> Task :whisper-native:mergeDebugAndroidTestAssets UP-TO-DATE
> Task :whisper-native:compressDebugAndroidTestAssets UP-TO-DATE
> Task :whisper-native:desugarDebugAndroidTestFileDependencies UP-TO-DATE
> Task :whisper-native:dexBuilderDebugAndroidTest UP-TO-DATE
> Task :whisper-native:mergeDebugAndroidTestGlobalSynthetics UP-TO-DATE
> Task :whisper-native:processDebugAndroidTestJavaRes NO-SOURCE
> Task :whisper-native:mergeDebugAndroidTestJavaResource UP-TO-DATE
> Task :whisper-native:checkDebugAndroidTestDuplicateClasses UP-TO-DATE
> Task :whisper-native:mergeExtDexDebugAndroidTest UP-TO-DATE
> Task :whisper-native:mergeLibDexDebugAndroidTest UP-TO-DATE
> Task :whisper-native:mergeProjectDexDebugAndroidTest UP-TO-DATE
> Task :whisper-native:mergeDebugAndroidTestJniLibFolders UP-TO-DATE
> Task :whisper-native:mergeDebugAndroidTestNativeLibs
> Task :whisper-native:stripDebugAndroidTestDebugSymbols
> Task :whisper-native:validateSigningDebugAndroidTest UP-TO-DATE
> Task :whisper-native:writeDebugAndroidTestSigningConfigVersions UP-TO-DATE
> Task :whisper-native:packageDebugAndroidTest
> Task :whisper-native:createDebugAndroidTestApkListingFileRedirect UP-TO-DATE
> Task :whisper-native:assembleDebugAndroidTest
> Task :app:packageSelfTest
> Task :app:createSelfTestApkListingFileRedirect
> Task :app:assembleSelfTest

FAILURE: Build failed with an exception.

* What went wrong:
Execution failed for task ':app:compileDebugAndroidTestKotlin'.
> A failure occurred while executing org.jetbrains.kotlin.compilerRunner.GradleCompilerRunnerWithWorkers$GradleKotlinCompilerWorkAction
   > Compilation error. See log for more details

* Try:
> Run with --info or --debug option to get more log output.
> Run with --scan to get full insights.
> Get more help at https://help.gradle.org.

* Exception is:
org.gradle.api.tasks.TaskExecutionException: Execution failed for task ':app:compileDebugAndroidTestKotlin'.
	at org.gradle.api.internal.tasks.execution.ExecuteActionsTaskExecuter.lambda$executeIfValid$1(ExecuteActionsTaskExecuter.java:130)
	at org.gradle.internal.Try$Failure.ifSuccessfulOrElse(Try.java:293)
	at org.gradle.api.internal.tasks.execution.ExecuteActionsTaskExecuter.executeIfValid(ExecuteActionsTaskExecuter.java:128)
	at org.gradle.api.internal.tasks.execution.ExecuteActionsTaskExecuter.execute(ExecuteActionsTaskExecuter.java:116)
	at org.gradle.api.internal.tasks.execution.FinalizePropertiesTaskExecuter.execute(FinalizePropertiesTaskExecuter.java:46)
	at org.gradle.api.internal.tasks.execution.ResolveTaskExecutionModeExecuter.execute(ResolveTaskExecutionModeExecuter.java:51)
	at org.gradle.api.internal.tasks.execution.SkipTaskWithNoActionsExecuter.execute(SkipTaskWithNoActionsExecuter.java:57)
	at org.gradle.api.internal.tasks.execution.SkipOnlyIfTaskExecuter.execute(SkipOnlyIfTaskExecuter.java:74)
	at org.gradle.api.internal.tasks.execution.CatchExceptionTaskExecuter.execute(CatchExceptionTaskExecuter.java:36)
	at org.gradle.api.internal.tasks.execution.EventFiringTaskExecuter$1.executeTask(EventFiringTaskExecuter.java:77)
	at org.gradle.api.internal.tasks.execution.EventFiringTaskExecuter$1.call(EventFiringTaskExecuter.java:55)
	at org.gradle.api.internal.tasks.execution.EventFiringTaskExecuter$1.call(EventFiringTaskExecuter.java:52)
	at org.gradle.internal.operations.DefaultBuildOperationRunner$CallableBuildOperationWorker.execute(DefaultBuildOperationRunner.java:209)
	at org.gradle.internal.operations.DefaultBuildOperationRunner$CallableBuildOperationWorker.execute(DefaultBuildOperationRunner.java:204)
	at org.gradle.internal.operations.DefaultBuildOperationRunner$2.execute(DefaultBuildOperationRunner.java:66)
	at org.gradle.internal.operations.DefaultBuildOperationRunner$2.execute(DefaultBuildOperationRunner.java:59)
	at org.gradle.internal.operations.DefaultBuildOperationRunner.execute(DefaultBuildOperationRunner.java:166)
	at org.gradle.internal.operations.DefaultBuildOperationRunner.execute(DefaultBuildOperationRunner.java:59)
	at org.gradle.internal.operations.DefaultBuildOperationRunner.call(DefaultBuildOperationRunner.java:53)
	at org.gradle.api.internal.tasks.execution.EventFiringTaskExecuter.execute(EventFiringTaskExecuter.java:52)
	at org.gradle.execution.plan.LocalTaskNodeExecutor.execute(LocalTaskNodeExecutor.java:42)
	at org.gradle.execution.taskgraph.DefaultTaskExecutionGraph$InvokeNodeExecutorsAction.execute(DefaultTaskExecutionGraph.java:331)
	at org.gradle.execution.taskgraph.DefaultTaskExecutionGraph$InvokeNodeExecutorsAction.execute(DefaultTaskExecutionGraph.java:318)
	at org.gradle.execution.taskgraph.DefaultTaskExecutionGraph$BuildOperationAwareExecutionAction.lambda$execute$0(DefaultTaskExecutionGraph.java:314)
	at org.gradle.internal.operations.CurrentBuildOperationRef.with(CurrentBuildOperationRef.java:85)
	at org.gradle.execution.taskgraph.DefaultTaskExecutionGraph$BuildOperationAwareExecutionAction.execute(DefaultTaskExecutionGraph.java:314)
	at org.gradle.execution.taskgraph.DefaultTaskExecutionGraph$BuildOperationAwareExecutionAction.execute(DefaultTaskExecutionGraph.java:303)
	at org.gradle.execution.plan.DefaultPlanExecutor$ExecutorWorker.execute(DefaultPlanExecutor.java:459)
	at org.gradle.execution.plan.DefaultPlanExecutor$ExecutorWorker.run(DefaultPlanExecutor.java:376)
	at org.gradle.execution.plan.DefaultPlanExecutor.process(DefaultPlanExecutor.java:111)
	at org.gradle.execution.taskgraph.DefaultTaskExecutionGraph.executeWithServices(DefaultTaskExecutionGraph.java:138)
	at org.gradle.execution.taskgraph.DefaultTaskExecutionGraph.execute(DefaultTaskExecutionGraph.java:123)
	at org.gradle.execution.SelectedTaskExecutionAction.execute(SelectedTaskExecutionAction.java:35)
	at org.gradle.execution.DryRunBuildExecutionAction.execute(DryRunBuildExecutionAction.java:51)
	at org.gradle.execution.BuildOperationFiringBuildWorkerExecutor$ExecuteTasks.call(BuildOperationFiringBuildWorkerExecutor.java:54)
	at org.gradle.execution.BuildOperationFiringBuildWorkerExecutor$ExecuteTasks.call(BuildOperationFiringBuildWorkerExecutor.java:43)
	at org.gradle.internal.operations.DefaultBuildOperationRunner$CallableBuildOperationWorker.execute(DefaultBuildOperationRunner.java:209)
	at org.gradle.internal.operations.DefaultBuildOperationRunner$CallableBuildOperationWorker.execute(DefaultBuildOperationRunner.java:204)
	at org.gradle.internal.operations.DefaultBuildOperationRunner$2.execute(DefaultBuildOperationRunner.java:66)
	at org.gradle.internal.operations.DefaultBuildOperationRunner$2.execute(DefaultBuildOperationRunner.java:59)
	at org.gradle.internal.operations.DefaultBuildOperationRunner.execute(DefaultBuildOperationRunner.java:166)
	at org.gradle.internal.operations.DefaultBuildOperationRunner.execute(DefaultBuildOperationRunner.java:59)
	at org.gradle.internal.operations.DefaultBuildOperationRunner.call(DefaultBuildOperationRunner.java:53)
	at org.gradle.execution.BuildOperationFiringBuildWorkerExecutor.execute(BuildOperationFiringBuildWorkerExecutor.java:40)
	at org.gradle.internal.build.DefaultBuildLifecycleController.lambda$executeTasks$10(DefaultBuildLifecycleController.java:313)
	at org.gradle.internal.model.StateTransitionController.doTransition(StateTransitionController.java:266)
	at org.gradle.internal.model.StateTransitionController.lambda$tryTransition$8(StateTransitionController.java:177)
	at org.gradle.internal.work.DefaultSynchronizer.withLock(DefaultSynchronizer.java:44)
	at org.gradle.internal.model.StateTransitionController.tryTransition(StateTransitionController.java:177)
	at org.gradle.internal.build.DefaultBuildLifecycleController.executeTasks(DefaultBuildLifecycleController.java:304)
	at org.gradle.internal.build.DefaultBuildWorkGraphController$DefaultBuildWorkGraph.runWork(DefaultBuildWorkGraphController.java:220)
	at org.gradle.internal.work.DefaultWorkerLeaseService.withLocks(DefaultWorkerLeaseService.java:267)
	at org.gradle.internal.work.DefaultWorkerLeaseService.runAsWorkerThread(DefaultWorkerLeaseService.java:131)
	at org.gradle.composite.internal.DefaultBuildController.doRun(DefaultBuildController.java:181)
	at org.gradle.composite.internal.DefaultBuildController.access$000(DefaultBuildController.java:50)
	at org.gradle.composite.internal.DefaultBuildController$BuildOpRunnable.lambda$run$0(DefaultBuildController.java:198)
	at org.gradle.internal.operations.CurrentBuildOperationRef.with(CurrentBuildOperationRef.java:85)
	at org.gradle.composite.internal.DefaultBuildController$BuildOpRunnable.run(DefaultBuildController.java:198)
	at org.gradle.internal.concurrent.ExecutorPolicy$CatchAndRecordFailures.onExecute(ExecutorPolicy.java:64)
	at org.gradle.internal.concurrent.AbstractManagedExecutor$1.run(AbstractManagedExecutor.java:48)
Caused by: org.gradle.workers.internal.DefaultWorkerExecutor$WorkExecutionException: A failure occurred while executing org.jetbrains.kotlin.compilerRunner.GradleCompilerRunnerWithWorkers$GradleKotlinCompilerWorkAction
	at org.gradle.workers.internal.DefaultWorkerExecutor$WorkItemExecution.waitForCompletion(DefaultWorkerExecutor.java:287)
	at org.gradle.internal.work.DefaultAsyncWorkTracker.lambda$waitForItemsAndGatherFailures$2(DefaultAsyncWorkTracker.java:130)
	at org.gradle.internal.Factories$1.create(Factories.java:31)
	at org.gradle.internal.work.DefaultWorkerLeaseService.withoutLocks(DefaultWorkerLeaseService.java:339)
	at org.gradle.internal.work.DefaultWorkerLeaseService.withoutLocks(DefaultWorkerLeaseService.java:322)
	at org.gradle.internal.work.DefaultWorkerLeaseService.withoutLock(DefaultWorkerLeaseService.java:327)
	at org.gradle.internal.work.DefaultAsyncWorkTracker.waitForItemsAndGatherFailures(DefaultAsyncWorkTracker.java:126)
	at org.gradle.internal.work.DefaultAsyncWorkTracker.waitForItemsAndGatherFailures(DefaultAsyncWorkTracker.java:92)
	at org.gradle.internal.work.DefaultAsyncWorkTracker.waitForAll(DefaultAsyncWorkTracker.java:78)
	at org.gradle.internal.work.DefaultAsyncWorkTracker.waitForCompletion(DefaultAsyncWorkTracker.java:66)
	at org.gradle.api.internal.tasks.execution.TaskExecution$3.run(TaskExecution.java:252)
	at org.gradle.internal.operations.DefaultBuildOperationRunner$1.execute(DefaultBuildOperationRunner.java:29)
	at org.gradle.internal.operations.DefaultBuildOperationRunner$1.execute(DefaultBuildOperationRunner.java:26)
	at org.gradle.internal.operations.DefaultBuildOperationRunner$2.execute(DefaultBuildOperationRunner.java:66)
	at org.gradle.internal.operations.DefaultBuildOperationRunner$2.execute(DefaultBuildOperationRunner.java:59)
	at org.gradle.internal.operations.DefaultBuildOperationRunner.execute(DefaultBuildOperationRunner.java:166)
	at org.gradle.internal.operations.DefaultBuildOperationRunner.execute(DefaultBuildOperationRunner.java:59)
	at org.gradle.internal.operations.DefaultBuildOperationRunner.run(DefaultBuildOperationRunner.java:47)
	at org.gradle.api.internal.tasks.execution.TaskExecution.executeAction(TaskExecution.java:229)
	at org.gradle.api.internal.tasks.execution.TaskExecution.executeActions(TaskExecution.java:212)
	at org.gradle.api.internal.tasks.execution.TaskExecution.executeWithPreviousOutputFiles(TaskExecution.java:195)
	at org.gradle.api.internal.tasks.execution.TaskExecution.execute(TaskExecution.java:162)
	at org.gradle.internal.execution.steps.ExecuteStep.executeInternal(ExecuteStep.java:105)
	at org.gradle.internal.execution.steps.ExecuteStep.access$000(ExecuteStep.java:44)
	at org.gradle.internal.execution.steps.ExecuteStep$1.call(ExecuteStep.java:59)
	at org.gradle.internal.execution.steps.ExecuteStep$1.call(ExecuteStep.java:56)
	at org.gradle.internal.operations.DefaultBuildOperationRunner$CallableBuildOperationWorker.execute(DefaultBuildOperationRunner.java:209)
	at org.gradle.internal.operations.DefaultBuildOperationRunner$CallableBuildOperationWorker.execute(DefaultBuildOperationRunner.java:204)
	at org.gradle.internal.operations.DefaultBuildOperationRunner$2.execute(DefaultBuildOperationRunner.java:66)
	at org.gradle.internal.operations.DefaultBuildOperationRunner$2.execute(DefaultBuildOperationRunner.java:59)
	at org.gradle.internal.operations.DefaultBuildOperationRunner.execute(DefaultBuildOperationRunner.java:166)
	at org.gradle.internal.operations.DefaultBuildOperationRunner.execute(DefaultBuildOperationRunner.java:59)
	at org.gradle.internal.operations.DefaultBuildOperationRunner.call(DefaultBuildOperationRunner.java:53)
	at org.gradle.internal.execution.steps.ExecuteStep.execute(ExecuteStep.java:56)
	at org.gradle.internal.execution.steps.ExecuteStep.execute(ExecuteStep.java:44)
	at org.gradle.internal.execution.steps.CancelExecutionStep.execute(CancelExecutionStep.java:42)
	at org.gradle.internal.execution.steps.TimeoutStep.executeWithoutTimeout(TimeoutStep.java:75)
	at org.gradle.internal.execution.steps.TimeoutStep.execute(TimeoutStep.java:55)
	at org.gradle.internal.execution.steps.PreCreateOutputParentsStep.execute(PreCreateOutputParentsStep.java:50)
	at org.gradle.internal.execution.steps.PreCreateOutputParentsStep.execute(PreCreateOutputParentsStep.java:28)
	at org.gradle.internal.execution.steps.RemovePreviousOutputsStep.execute(RemovePreviousOutputsStep.java:67)
	at org.gradle.internal.execution.steps.RemovePreviousOutputsStep.execute(RemovePreviousOutputsStep.java:37)
	at org.gradle.internal.execution.steps.BroadcastChangingOutputsStep.execute(BroadcastChangingOutputsStep.java:61)
	at org.gradle.internal.execution.steps.BroadcastChangingOutputsStep.execute(BroadcastChangingOutputsStep.java:26)
	at org.gradle.internal.execution.steps.CaptureOutputsAfterExecutionStep.execute(CaptureOutputsAfterExecutionStep.java:69)
	at org.gradle.internal.execution.steps.CaptureOutputsAfterExecutionStep.execute(CaptureOutputsAfterExecutionStep.java:46)
	at org.gradle.internal.execution.steps.ResolveInputChangesStep.execute(ResolveInputChangesStep.java:40)
	at org.gradle.internal.execution.steps.ResolveInputChangesStep.execute(ResolveInputChangesStep.java:29)
	at org.gradle.internal.execution.steps.BuildCacheStep.executeWithoutCache(BuildCacheStep.java:189)
	at org.gradle.internal.execution.steps.BuildCacheStep.lambda$execute$1(BuildCacheStep.java:75)
	at org.gradle.internal.Either$Right.fold(Either.java:175)
	at org.gradle.internal.execution.caching.CachingState.fold(CachingState.java:62)
	at org.gradle.internal.execution.steps.BuildCacheStep.execute(BuildCacheStep.java:73)
	at org.gradle.internal.execution.steps.BuildCacheStep.execute(BuildCacheStep.java:48)
	at org.gradle.internal.execution.steps.StoreExecutionStateStep.execute(StoreExecutionStateStep.java:46)
	at org.gradle.internal.execution.steps.StoreExecutionStateStep.execute(StoreExecutionStateStep.java:35)
	at org.gradle.internal.execution.steps.SkipUpToDateStep.executeBecause(SkipUpToDateStep.java:75)
	at org.gradle.internal.execution.steps.SkipUpToDateStep.lambda$execute$2(SkipUpToDateStep.java:53)
	at org.gradle.internal.execution.steps.SkipUpToDateStep.execute(SkipUpToDateStep.java:53)
	at org.gradle.internal.execution.steps.SkipUpToDateStep.execute(SkipUpToDateStep.java:35)
	at org.gradle.internal.execution.steps.legacy.MarkSnapshottingInputsFinishedStep.execute(MarkSnapshottingInputsFinishedStep.java:37)
	at org.gradle.internal.execution.steps.legacy.MarkSnapshottingInputsFinishedStep.execute(MarkSnapshottingInputsFinishedStep.java:27)
	at org.gradle.internal.execution.steps.ResolveIncrementalCachingStateStep.executeDelegate(ResolveIncrementalCachingStateStep.java:49)
	at org.gradle.internal.execution.steps.ResolveIncrementalCachingStateStep.executeDelegate(ResolveIncrementalCachingStateStep.java:27)
	at org.gradle.internal.execution.steps.AbstractResolveCachingStateStep.execute(AbstractResolveCachingStateStep.java:71)
	at org.gradle.internal.execution.steps.AbstractResolveCachingStateStep.execute(AbstractResolveCachingStateStep.java:39)
	at org.gradle.internal.execution.steps.ResolveChangesStep.execute(ResolveChangesStep.java:65)
	at org.gradle.internal.execution.steps.ResolveChangesStep.execute(ResolveChangesStep.java:36)
	at org.gradle.internal.execution.steps.ValidateStep.execute(ValidateStep.java:105)
	at org.gradle.internal.execution.steps.ValidateStep.execute(ValidateStep.java:54)
	at org.gradle.internal.execution.steps.AbstractCaptureStateBeforeExecutionStep.execute(AbstractCaptureStateBeforeExecutionStep.java:64)
	at org.gradle.internal.execution.steps.AbstractCaptureStateBeforeExecutionStep.execute(AbstractCaptureStateBeforeExecutionStep.java:43)
	at org.gradle.internal.execution.steps.AbstractSkipEmptyWorkStep.executeWithNonEmptySources(AbstractSkipEmptyWorkStep.java:125)
	at org.gradle.internal.execution.steps.AbstractSkipEmptyWorkStep.execute(AbstractSkipEmptyWorkStep.java:61)
	at org.gradle.internal.execution.steps.AbstractSkipEmptyWorkStep.execute(AbstractSkipEmptyWorkStep.java:36)
	at org.gradle.internal.execution.steps.legacy.MarkSnapshottingInputsStartedStep.execute(MarkSnapshottingInputsStartedStep.java:38)
	at org.gradle.internal.execution.steps.LoadPreviousExecutionStateStep.execute(LoadPreviousExecutionStateStep.java:36)
	at org.gradle.internal.execution.steps.LoadPreviousExecutionStateStep.execute(LoadPreviousExecutionStateStep.java:23)
	at org.gradle.internal.execution.steps.HandleStaleOutputsStep.execute(HandleStaleOutputsStep.java:75)
	at org.gradle.internal.execution.steps.HandleStaleOutputsStep.execute(HandleStaleOutputsStep.java:41)
	at org.gradle.internal.execution.steps.AssignMutableWorkspaceStep.lambda$execute$0(AssignMutableWorkspaceStep.java:35)
	at org.gradle.api.internal.tasks.execution.TaskExecution$4.withWorkspace(TaskExecution.java:289)
	at org.gradle.internal.execution.steps.AssignMutableWorkspaceStep.execute(AssignMutableWorkspaceStep.java:31)
	at org.gradle.internal.execution.steps.AssignMutableWorkspaceStep.execute(AssignMutableWorkspaceStep.java:22)
	at org.gradle.internal.execution.steps.ChoosePipelineStep.execute(ChoosePipelineStep.java:40)
	at org.gradle.internal.execution.steps.ChoosePipelineStep.execute(ChoosePipelineStep.java:23)
	at org.gradle.internal.execution.steps.ExecuteWorkBuildOperationFiringStep.lambda$execute$2(ExecuteWorkBuildOperationFiringStep.java:67)
	at org.gradle.internal.execution.steps.ExecuteWorkBuildOperationFiringStep.execute(ExecuteWorkBuildOperationFiringStep.java:67)
	at org.gradle.internal.execution.steps.ExecuteWorkBuildOperationFiringStep.execute(ExecuteWorkBuildOperationFiringStep.java:39)
	at org.gradle.internal.execution.steps.IdentityCacheStep.execute(IdentityCacheStep.java:46)
	at org.gradle.internal.execution.steps.IdentityCacheStep.execute(IdentityCacheStep.java:34)
	at org.gradle.internal.execution.steps.IdentifyStep.execute(IdentifyStep.java:48)
	at org.gradle.internal.execution.steps.IdentifyStep.execute(IdentifyStep.java:35)
	at org.gradle.internal.execution.impl.DefaultExecutionEngine$1.execute(DefaultExecutionEngine.java:61)
	at org.gradle.api.internal.tasks.execution.ExecuteActionsTaskExecuter.executeIfValid(ExecuteActionsTaskExecuter.java:127)
	at org.gradle.api.internal.tasks.execution.ExecuteActionsTaskExecuter.execute(ExecuteActionsTaskExecuter.java:116)
	at org.gradle.api.internal.tasks.execution.FinalizePropertiesTaskExecuter.execute(FinalizePropertiesTaskExecuter.java:46)
	at org.gradle.api.internal.tasks.execution.ResolveTaskExecutionModeExecuter.execute(ResolveTaskExecutionModeExecuter.java:51)
	at org.gradle.api.internal.tasks.execution.SkipTaskWithNoActionsExecuter.execute(SkipTaskWithNoActionsExecuter.java:57)
	at org.gradle.api.internal.tasks.execution.SkipOnlyIfTaskExecuter.execute(SkipOnlyIfTaskExecuter.java:74)
	at org.gradle.api.internal.tasks.execution.CatchExceptionTaskExecuter.execute(CatchExceptionTaskExecuter.java:36)
	at org.gradle.api.internal.tasks.execution.EventFiringTaskExecuter$1.executeTask(EventFiringTaskExecuter.java:77)
	at org.gradle.api.internal.tasks.execution.EventFiringTaskExecuter$1.call(EventFiringTaskExecuter.java:55)
	at org.gradle.api.internal.tasks.execution.EventFiringTaskExecuter$1.call(EventFiringTaskExecuter.java:52)
	at org.gradle.internal.operations.DefaultBuildOperationRunner$CallableBuildOperationWorker.execute(DefaultBuildOperationRunner.java:209)
	at org.gradle.internal.operations.DefaultBuildOperationRunner$CallableBuildOperationWorker.execute(DefaultBuildOperationRunner.java:204)
	at org.gradle.internal.operations.DefaultBuildOperationRunner$2.execute(DefaultBuildOperationRunner.java:66)
	at org.gradle.internal.operations.DefaultBuildOperationRunner$2.execute(DefaultBuildOperationRunner.java:59)
	at org.gradle.internal.operations.DefaultBuildOperationRunner.execute(DefaultBuildOperationRunner.java:166)
	at org.gradle.internal.operations.DefaultBuildOperationRunner.execute(DefaultBuildOperationRunner.java:59)
	at org.gradle.internal.operations.DefaultBuildOperationRunner.call(DefaultBuildOperationRunner.java:53)
	at org.gradle.api.internal.tasks.execution.EventFiringTaskExecuter.execute(EventFiringTaskExecuter.java:52)
	at org.gradle.execution.plan.LocalTaskNodeExecutor.execute(LocalTaskNodeExecutor.java:42)
	at org.gradle.execution.taskgraph.DefaultTaskExecutionGraph$InvokeNodeExecutorsAction.execute(DefaultTaskExecutionGraph.java:331)
	at org.gradle.execution.taskgraph.DefaultTaskExecutionGraph$InvokeNodeExecutorsAction.execute(DefaultTaskExecutionGraph.java:318)
	at org.gradle.execution.taskgraph.DefaultTaskExecutionGraph$BuildOperationAwareExecutionAction.lambda$execute$0(DefaultTaskExecutionGraph.java:314)
	at org.gradle.internal.operations.CurrentBuildOperationRef.with(CurrentBuildOperationRef.java:85)
	at org.gradle.execution.taskgraph.DefaultTaskExecutionGraph$BuildOperationAwareExecutionAction.execute(DefaultTaskExecutionGraph.java:314)
	at org.gradle.execution.taskgraph.DefaultTaskExecutionGraph$BuildOperationAwareExecutionAction.execute(DefaultTaskExecutionGraph.java:303)
	at org.gradle.execution.plan.DefaultPlanExecutor$ExecutorWorker.execute(DefaultPlanExecutor.java:459)
	at org.gradle.execution.plan.DefaultPlanExecutor$ExecutorWorker.run(DefaultPlanExecutor.java:376)
	at org.gradle.execution.plan.DefaultPlanExecutor.process(DefaultPlanExecutor.java:111)
	at org.gradle.execution.taskgraph.DefaultTaskExecutionGraph.executeWithServices(DefaultTaskExecutionGraph.java:138)
	at org.gradle.execution.taskgraph.DefaultTaskExecutionGraph.execute(DefaultTaskExecutionGraph.java:123)
	at org.gradle.execution.SelectedTaskExecutionAction.execute(SelectedTaskExecutionAction.java:35)
	at org.gradle.execution.DryRunBuildExecutionAction.execute(DryRunBuildExecutionAction.java:51)
	at org.gradle.execution.BuildOperationFiringBuildWorkerExecutor$ExecuteTasks.call(BuildOperationFiringBuildWorkerExecutor.java:54)
	at org.gradle.execution.BuildOperationFiringBuildWorkerExecutor$ExecuteTasks.call(BuildOperationFiringBuildWorkerExecutor.java:43)
	at org.gradle.internal.operations.DefaultBuildOperationRunner$CallableBuildOperationWorker.execute(DefaultBuildOperationRunner.java:209)
	at org.gradle.internal.operations.DefaultBuildOperationRunner$CallableBuildOperationWorker.execute(DefaultBuildOperationRunner.java:204)
	at org.gradle.internal.operations.DefaultBuildOperationRunner$2.execute(DefaultBuildOperationRunner.java:66)
	at org.gradle.internal.operations.DefaultBuildOperationRunner$2.execute(DefaultBuildOperationRunner.java:59)
	at org.gradle.internal.operations.DefaultBuildOperationRunner.execute(DefaultBuildOperationRunner.java:166)
	at org.gradle.internal.operations.DefaultBuildOperationRunner.execute(DefaultBuildOperationRunner.java:59)
	at org.gradle.internal.operations.DefaultBuildOperationRunner.call(DefaultBuildOperationRunner.java:53)
	at org.gradle.execution.BuildOperationFiringBuildWorkerExecutor.execute(BuildOperationFiringBuildWorkerExecutor.java:40)
	at org.gradle.internal.build.DefaultBuildLifecycleController.lambda$executeTasks$10(DefaultBuildLifecycleController.java:313)
	at org.gradle.internal.model.StateTransitionController.doTransition(StateTransitionController.java:266)
	at org.gradle.internal.model.StateTransitionController.lambda$tryTransition$8(StateTransitionController.java:177)
	at org.gradle.internal.work.DefaultSynchronizer.withLock(DefaultSynchronizer.java:44)
	at org.gradle.internal.model.StateTransitionController.tryTransition(StateTransitionController.java:177)
	at org.gradle.internal.build.DefaultBuildLifecycleController.executeTasks(DefaultBuildLifecycleController.java:304)
	at org.gradle.internal.build.DefaultBuildWorkGraphController$DefaultBuildWorkGraph.runWork(DefaultBuildWorkGraphController.java:220)
	at org.gradle.internal.work.DefaultWorkerLeaseService.withLocks(DefaultWorkerLeaseService.java:267)
	at org.gradle.internal.work.DefaultWorkerLeaseService.runAsWorkerThread(DefaultWorkerLeaseService.java:131)
	at org.gradle.composite.internal.DefaultBuildController.doRun(DefaultBuildController.java:181)
	at org.gradle.composite.internal.DefaultBuildController.access$000(DefaultBuildController.java:50)
	at org.gradle.composite.internal.DefaultBuildController$BuildOpRunnable.lambda$run$0(DefaultBuildController.java:198)
	at org.gradle.internal.operations.CurrentBuildOperationRef.with(CurrentBuildOperationRef.java:85)
	at org.gradle.composite.internal.DefaultBuildController$BuildOpRunnable.run(DefaultBuildController.java:198)
	at org.gradle.internal.concurrent.ExecutorPolicy$CatchAndRecordFailures.onExecute(ExecutorPolicy.java:64)
	at org.gradle.internal.concurrent.AbstractManagedExecutor$1.run(AbstractManagedExecutor.java:48)
Caused by: org.jetbrains.kotlin.gradle.tasks.CompilationErrorException: Compilation error. See log for more details
	at org.jetbrains.kotlin.gradle.tasks.TasksUtilsKt.throwExceptionIfCompilationFailed(tasksUtils.kt:21)
	at org.jetbrains.kotlin.compilerRunner.GradleKotlinCompilerWork.run(GradleKotlinCompilerWork.kt:119)
	at org.jetbrains.kotlin.compilerRunner.GradleCompilerRunnerWithWorkers$GradleKotlinCompilerWorkAction.execute(GradleCompilerRunnerWithWorkers.kt:76)
	at org.gradle.workers.internal.DefaultWorkerServer.execute(DefaultWorkerServer.java:63)
	at org.gradle.workers.internal.NoIsolationWorkerFactory$1$1.create(NoIsolationWorkerFactory.java:66)
	at org.gradle.workers.internal.NoIsolationWorkerFactory$1$1.create(NoIsolationWorkerFactory.java:62)
	at org.gradle.internal.classloader.ClassLoaderUtils.executeInClassloader(ClassLoaderUtils.java:100)
	at org.gradle.workers.internal.NoIsolationWorkerFactory$1.lambda$execute$0(NoIsolationWorkerFactory.java:62)
	at org.gradle.workers.internal.AbstractWorker$1.call(AbstractWorker.java:44)
	at org.gradle.workers.internal.AbstractWorker$1.call(AbstractWorker.java:41)
	at org.gradle.internal.operations.DefaultBuildOperationRunner$CallableBuildOperationWorker.execute(DefaultBuildOperationRunner.java:209)
	at org.gradle.internal.operations.DefaultBuildOperationRunner$CallableBuildOperationWorker.execute(DefaultBuildOperationRunner.java:204)
	at org.gradle.internal.operations.DefaultBuildOperationRunner$2.execute(DefaultBuildOperationRunner.java:66)
	at org.gradle.internal.operations.DefaultBuildOperationRunner$2.execute(DefaultBuildOperationRunner.java:59)
	at org.gradle.internal.operations.DefaultBuildOperationRunner.execute(DefaultBuildOperationRunner.java:166)
	at org.gradle.internal.operations.DefaultBuildOperationRunner.execute(DefaultBuildOperationRunner.java:59)
	at org.gradle.internal.operations.DefaultBuildOperationRunner.call(DefaultBuildOperationRunner.java:53)
	at org.gradle.workers.internal.AbstractWorker.executeWrappedInBuildOperation(AbstractWorker.java:41)
	at org.gradle.workers.internal.NoIsolationWorkerFactory$1.execute(NoIsolationWorkerFactory.java:59)
	at org.gradle.workers.internal.DefaultWorkerExecutor.lambda$submitWork$0(DefaultWorkerExecutor.java:174)
	at org.gradle.internal.work.DefaultConditionalExecutionQueue$ExecutionRunner.runExecution(DefaultConditionalExecutionQueue.java:195)
	at org.gradle.internal.work.DefaultConditionalExecutionQueue$ExecutionRunner.access$700(DefaultConditionalExecutionQueue.java:128)
	at org.gradle.internal.work.DefaultConditionalExecutionQueue$ExecutionRunner$1.run(DefaultConditionalExecutionQueue.java:170)
	at org.gradle.internal.Factories$1.create(Factories.java:31)
	at org.gradle.internal.work.DefaultWorkerLeaseService.withLocks(DefaultWorkerLeaseService.java:267)
	at org.gradle.internal.work.DefaultWorkerLeaseService.runAsWorkerThread(DefaultWorkerLeaseService.java:131)
	at org.gradle.internal.work.DefaultWorkerLeaseService.runAsWorkerThread(DefaultWorkerLeaseService.java:136)
	at org.gradle.internal.work.DefaultConditionalExecutionQueue$ExecutionRunner.runBatch(DefaultConditionalExecutionQueue.java:165)
	at org.gradle.internal.work.DefaultConditionalExecutionQueue$ExecutionRunner.run(DefaultConditionalExecutionQueue.java:134)
	... 2 more


BUILD FAILED in 8m
268 actionable tasks: 99 executed, 169 up-to-date
