Picked up JAVA_TOOL_OPTIONS:  -Djavax.net.ssl.trustStore=/etc/ssl/certs/java/cacerts -Dhttps.proxyHost=proxy -Dhttps.proxyPort=8080 -Dhttp.proxyHost=proxy -Dhttp.proxyPort=8080 -Dhttp.nonProxyHosts=localhost|127.*
Verifies
Verified using v1 scheme (JAR signing): false
Verified using v2 scheme (APK Signature Scheme v2): true
Verified using v3 scheme (APK Signature Scheme v3): false
Verified using v3.1 scheme (APK Signature Scheme v3.1): false
Verified using v4 scheme (APK Signature Scheme v4): false
Verified for SourceStamp: false
Number of signers: 1
Picked up JAVA_TOOL_OPTIONS:  -Djavax.net.ssl.trustStore=/etc/ssl/certs/java/cacerts -Dhttps.proxyHost=proxy -Dhttps.proxyPort=8080 -Dhttp.proxyHost=proxy -Dhttp.proxyPort=8080 -Dhttp.nonProxyHosts=localhost|127.*
Verifies
Verified using v1 scheme (JAR signing): false
Verified using v2 scheme (APK Signature Scheme v2): true
Verified using v3 scheme (APK Signature Scheme v3): false
Verified using v3.1 scheme (APK Signature Scheme v3.1): false
Verified using v4 scheme (APK Signature Scheme v4): false
Verified for SourceStamp: false
Number of signers: 1
Verified archive and signature: app/build/outputs/apk/debug/app-arm64-v8a-debug.apk (105526486 bytes)
Verified archive and signature: app/build/outputs/apk/debug/app-x86_64-debug.apk (105818667 bytes)
