JUnit version 4.13.2
.E..........
Time: 0.179
There was 1 failure:
1) criticalMemoryDuringSuspendingProofBlocksTheFinalEffectAndRetainsCleanup(com.mangalens.core.compute.ResourceGovernorTest)
java.lang.AssertionError: A confirmed critical signal after proof must block a new effect
	at org.junit.Assert.fail(Assert.java:89)
	at org.junit.Assert.assertTrue(Assert.java:42)
	at com.mangalens.core.compute.ResourceGovernorTest$criticalMemoryDuringSuspendingProofBlocksTheFinalEffectAndRetainsCleanup$1.invokeSuspend(ResourceGovernorTest.kt:30)
	at kotlin.coroutines.jvm.internal.BaseContinuationImpl.resumeWith(ContinuationImpl.kt:33)
	at kotlinx.coroutines.DispatchedTask.run(DispatchedTask.kt:101)
	at kotlinx.coroutines.EventLoopImplBase.processNextEvent(EventLoop.common.kt:263)
	at kotlinx.coroutines.BlockingCoroutine.joinBlocking(Builders.kt:95)
	at kotlinx.coroutines.BuildersKt__BuildersKt.runBlocking(Builders.kt:69)
	at kotlinx.coroutines.BuildersKt.runBlocking(Unknown Source)
	at kotlinx.coroutines.BuildersKt__BuildersKt.runBlocking$default(Builders.kt:47)
	at kotlinx.coroutines.BuildersKt.runBlocking$default(Unknown Source)
	at com.mangalens.core.compute.ResourceGovernorTest.criticalMemoryDuringSuspendingProofBlocksTheFinalEffectAndRetainsCleanup(ResourceGovernorTest.kt:8)

FAILURES!!!
Tests run: 11,  Failures: 1

